Albin_166.jpg
Albin_167.jpg
Bodleian_4_F_2_Art_BS_Page_01.jpg
Bodleian_4_F_2_Art_BS_Page_63.jpg
Bodleian_4_L_62_12_Art_Page_09.jpg
Bodleian_4_L_62_12_Art_Page_13.jpg
Bodleian_8_A_133_Th_Page_01.jpg
Bodleian_8_A_133_Th_Page_02.jpg
Bodleian_8_A_133_Th_Page_04.jpg
Bodleian_8_A_133_Th_Page_06.jpg
Bodleian_8_A_133_Th_Page_08.jpg
Bodleian_8_A_133_Th_Page_10.jpg
Bodleian_8_A_133_Th_Page_12.jpg
Bodleian_8_A_133_Th_Page_14.jpg
Bodleian_8_A_133_Th_Page_16.jpg
Bodleian_Arch_A_b_18_Page_086.jpg
Bodleian_Arch_A_b_18_Page_088.jpg
Bodleian_Arch_A_b_18_Page_089.jpg
Bodleian_Arch_A_b_18_Page_090.jpg
Bodleian_Arch_B_e_42_Page_01.jpg
Bodleian_Arch_B_e_42_Page_02.jpg
Bodleian_Arch_B_e_42_Page_03.jpg
Bodleian_Arch_B_e_42_Page_05.jpg
Bodleian_Byw_P_1_22_Page_1.jpg
Bodleian_Library_4_B_2_Art_Seld_Page_1.jpg
Bodleian_Library_4_B_2_Art_Seld_Page_3.jpg
Bodleian_Library_4_B_2_Art_Seld_Page_4.jpg
Bodleian_Library_4_B_2_Art_Seld_Page_5.jpg
Bodleian_Library_4_B_2_Art_Seld_Page_6.jpg
Bodleian_Library_4_B_2_Art_Seld_Page_7.jpg
Bodleian_Library_4_B_6_Th_Seld_Page_02.jpg
Bodleian_Library_4_B_6_Th_Seld_Page_03.jpg
Bodleian_Library_4_B_6_Th_Seld_Page_04.jpg
Bodleian_Library_4_B_6_Th_Seld_Page_05.jpg
Bodleian_Library_4_B_6_Th_Seld_Page_06.jpg
Bodleian_Library_4_B_6_Th_Seld_Page_07.jpg
Bodleian_Library_4_B_6_Th_Seld_Page_08.jpg
Bodleian_Library_4_B_6_Th_Seld_Page_09.jpg
Bodleian_Library_4_B_6_Th_Seld_Page_10.jpg
Bodleian_Library_4_B_6_Th_Seld_Page_11.jpg
Bodleian_Library_4_B_6_Th_Seld_Page_12.jpg
Bodleian_Library_4_B_6_Th_Seld_Page_13.jpg
Bodleian_Library_4_B_6_Th_Seld_Page_14.jpg
Bodleian_Library_4_B_6_Th_Seld_Page_15.jpg
Bodleian_Library_4_B_6_Th_Seld_Page_16.jpg
Bodleian_Library_4_B_6_Th_Seld_Page_17.jpg
Bodleian_Library_4_B_6_Th_Seld_Page_18.jpg
Bodleian_Library_4_B_6_Th_Seld_Page_19.jpg
Bodleian_Library_4_B_6_Th_Seld_Page_20.jpg
Bodleian_Library_4_B_6_Th_Seld_Page_21.jpg
Bodleian_Library_4_B_6_Th_Seld_Page_22.jpg
Bodleian_Library_4_B_6_Th_Seld_Page_23.jpg
Bodleian_Library_4_B_6_Th_Seld_Page_24.jpg
Bodleian_Library_4_B_6_Th_Seld_Page_25.jpg
Bodleian_Library_4_B_6_Th_Seld_Page_26.jpg
Bodleian_Library_4_B_6_Th_Seld_Page_27.jpg
Bodleian_Library_4_B_6_Th_Seld_Page_28.jpg
Bodleian_Library_4_B_6_Th_Seld_Page_29.jpg
Bodleian_Library_4_B_6_Th_Seld_Page_30.jpg
Bodleian_Library_4_B_6_Th_Seld_Page_31.jpg
Bodleian_Library_4_B_6_Th_Seld_Page_32.jpg
Bodleian_Library_4_B_6_Th_Seld_Page_33.jpg
Bodleian_Library_4_B_6_Th_Seld_Page_34.jpg
Bodleian_Library_4_B_6_Th_Seld_Page_35.jpg
Bodleian_Library_4_B_6_Th_Seld_Page_36.jpg
Bodleian_Library_4_B_6_Th_Seld_Page_37.jpg
Bodleian_Library_4_B_6_Th_Seld_Page_38.jpg
Bodleian_Library_4_B_6_Th_Seld_Page_39.jpg
Bodleian_Library_4_B_6_Th_Seld_Page_40.jpg
Bodleian_Library_4_B_6_Th_Seld_Page_41.jpg
Bodleian_Library_4_B_6_Th_Seld_Page_42.jpg
Bodleian_Library_4_B_6_Th_Seld_Page_43.jpg
Bodleian_Library_4_B_6_Th_Seld_Page_44.jpg
Bodleian_Library_4_B_6_Th_Seld_Page_45.jpg
Bodleian_Library_4_B_6_Th_Seld_Page_46.jpg
Bodleian_Library_4_B_6_Th_Seld_Page_47.jpg
Bodleian_Library_4_B_6_Th_Seld_Page_48.jpg
Bodleian_Library_4_B_6_Th_Seld_Page_49.jpg
Bodleian_Library_4_B_6_Th_Seld_Page_50.jpg
Bodleian_Library_4_B_6_Th_Seld_Page_51.jpg
Bodleian_Library_4_B_6_Th_Seld_Page_52.jpg
Bodleian_Library_4_B_6_Th_Seld_Page_53.jpg
Bodleian_Library_4_B_6_Th_Seld_Page_54.jpg
Bodleian_Library_4_B_6_Th_Seld_Page_56.jpg
Bodleian_Library_4_B_6_Th_Seld_Page_57.jpg
Bodleian_Library_4_B_6_Th_Seld_Page_58.jpg
Bodleian_Library_4_B_6_Th_Seld_Page_59.jpg
Bodleian_Library_4_B_6_Th_Seld_Page_60.jpg
Bodleian_Library_4_B_6_Th_Seld_Page_61.jpg
Bodleian_Library_4_B_6_Th_Seld_Page_62.jpg
Bodleian_Library_4_B_6_Th_Seld_Page_63.jpg
Bodleian_Library_4_B_6_Th_Seld_Page_64.jpg
Bodleian_Library_4_B_6_Th_Seld_Page_65.jpg
Bodleian_Library_4_B_6_Th_Seld_Page_66.jpg
Bodleian_Library_4_B_6_Th_Seld_Page_67.jpg
Bodleian_Library_4_B_6_Th_Seld_Page_68.jpg
Bodleian_Library_4_B_6_Th_Seld_Page_69.jpg
Bodleian_Library_4_B_6_Th_Seld_Page_70.jpg
Bodleian_Library_4_B_6_Th_Seld_Page_71.jpg
Bodleian_Library_4_B_6_Th_Seld_Page_72.jpg
Bodleian_Library_4_B_6_Th_Seld_Page_73.jpg
Bodleian_Library_4_B_6_Th_Seld_Page_74.jpg
Bodleian_Library_4_B_6_Th_Seld_Page_75.jpg
Bodleian_Library_4_B_6_Th_Seld_Page_76.jpg
Bodleian_Library_4_B_6_Th_Seld_Page_77.jpg
Bodleian_Library_4_B_6_Th_Seld_Page_78.jpg
Bodleian_Library_4_B_6_Th_Seld_Page_79.jpg
Bodleian_Library_4_B_6_Th_Seld_Page_80.jpg
Bodleian_Library_4_B_6_Th_Seld_Page_81.jpg
Bodleian_Library_4_B_6_Th_Seld_Page_82.jpg
Bodleian_Library_4_B_6_Th_Seld_Page_83.jpg
Bodleian_Library_4_B_6_Th_Seld_Page_84.jpg
Bodleian_Library_4_B_6_Th_Seld_Page_86.jpg
Bodleian_Library_4_I_1_Th_Seld_Page_01.jpg
Bodleian_Library_4_I_1_Th_Seld_Page_02.jpg
Bodleian_Library_4_I_1_Th_Seld_Page_03.jpg
Bodleian_Library_4_I_1_Th_Seld_Page_04.jpg
Bodleian_Library_4_I_1_Th_Seld_Page_05.jpg
Bodleian_Library_4_I_1_Th_Seld_Page_06.jpg
Bodleian_Library_4_I_1_Th_Seld_Page_07.jpg
Bodleian_Library_4_I_1_Th_Seld_Page_08.jpg
Bodleian_Library_4_I_1_Th_Seld_Page_09.jpg
Bodleian_Library_4_I_1_Th_Seld_Page_10.jpg
Bodleian_Library_4_I_1_Th_Seld_Page_11.jpg
Bodleian_Library_4_I_1_Th_Seld_Page_12.jpg
Bodleian_Library_4_I_1_Th_Seld_Page_13.jpg
Bodleian_Library_4_I_1_Th_Seld_Page_14.jpg
Bodleian_Library_4_I_1_Th_Seld_Page_15.jpg
Bodleian_Library_4_I_1_Th_Seld_Page_16.jpg
Bodleian_Library_4_I_1_Th_Seld_Page_17.jpg
Bodleian_Library_4_I_1_Th_Seld_Page_18.jpg
Bodleian_Library_4_I_1_Th_Seld_Page_19.jpg
Bodleian_Library_4_I_1_Th_Seld_Page_20.jpg
Bodleian_Library_4_I_1_Th_Seld_Page_21.jpg
Bodleian_Library_4_I_1_Th_Seld_Page_22.jpg
Bodleian_Library_4_I_1_Th_Seld_Page_23.jpg
Bodleian_Library_4_I_1_Th_Seld_Page_24.jpg
Bodleian_Library_4_I_1_Th_Seld_Page_25.jpg
Bodleian_Library_4_I_1_Th_Seld_Page_26.jpg
Bodleian_Library_4_I_1_Th_Seld_Page_27.jpg
Bodleian_Library_4_I_1_Th_Seld_Page_28.jpg
Bodleian_Library_4_I_1_Th_Seld_Page_29.jpg
Bodleian_Library_4_I_1_Th_Seld_Page_30.jpg
Bodleian_Library_4_I_1_Th_Seld_Page_31.jpg
Bodleian_Library_4_I_1_Th_Seld_Page_32.jpg
Bodleian_Library_4_I_1_Th_Seld_Page_33.jpg
Bodleian_Library_4_I_1_Th_Seld_Page_34.jpg
Bodleian_Library_4_I_1_Th_Seld_Page_35.jpg
Bodleian_Library_4_I_1_Th_Seld_Page_36.jpg
Bodleian_Library_4_I_1_Th_Seld_Page_37.jpg
Bodleian_Library_4_I_1_Th_Seld_Page_38.jpg
Bodleian_Library_4_I_1_Th_Seld_Page_39.jpg
Bodleian_Library_4_I_1_Th_Seld_Page_40.jpg
Bodleian_Library_4_I_1_Th_Seld_Page_41.jpg
Bodleian_Library_4_I_1_Th_Seld_Page_42.jpg
Bodleian_Library_4_I_1_Th_Seld_Page_43.jpg
Bodleian_Library_4_I_1_Th_Seld_Page_44.jpg
Bodleian_Library_4_I_1_Th_Seld_Page_45.jpg
Bodleian_Library_4_I_1_Th_Seld_Page_46.jpg
Bodleian_Library_4_I_1_Th_Seld_Page_47.jpg
Bodleian_Library_4_I_1_Th_Seld_Page_48.jpg
Bodleian_Library_4_I_1_Th_Seld_Page_49.jpg
Bodleian_Library_4_I_1_Th_Seld_Page_50.jpg
Bodleian_Library_4_I_1_Th_Seld_Page_51.jpg
Bodleian_Library_4_I_1_Th_Seld_Page_52.jpg
Bodleian_Library_4_I_1_Th_Seld_Page_53.jpg
Bodleian_Library_4_I_1_Th_Seld_Page_54.jpg
Bodleian_Library_4_I_1_Th_Seld_Page_55.jpg
Bodleian_Library_4_I_1_Th_Seld_Page_56.jpg
Bodleian_Library_4_I_1_Th_Seld_Page_57.jpg
Bodleian_Library_4_I_1_Th_Seld_Page_58.jpg
Bodleian_Library_4_I_1_Th_Seld_Page_59.jpg
Bodleian_Library_4_I_1_Th_Seld_Page_60.jpg
Bodleian_Library_4_I_1_Th_Seld_Page_61.jpg
Bodleian_Library_4_I_1_Th_Seld_Page_62.jpg
Bodleian_Library_4_I_1_Th_Seld_Page_63.jpg
Bodleian_Library_4_I_1_Th_Seld_Page_64.jpg
Bodleian_Library_4_I_1_Th_Seld_Page_65.jpg
Bodleian_Library_4_I_1_Th_Seld_Page_66.jpg
Bodleian_Library_4_I_1_Th_Seld_Page_67.jpg
Bodleian_Library_4_I_1_Th_Seld_Page_68.jpg
Bodleian_Library_4_I_1_Th_Seld_Page_69.jpg
Bodleian_Library_4_I_1_Th_Seld_Page_70.jpg
Bodleian_Library_Antiq_d_F_9_Page_01.jpg
Bodleian_Library_Antiq_d_F_9_Page_02.jpg
Bodleian_Library_Antiq_d_F_9_Page_03.jpg
Bodleian_Library_Antiq_d_F_9_Page_04.jpg
Bodleian_Library_Antiq_d_F_9_Page_05.jpg
Bodleian_Library_Antiq_d_F_9_Page_06.jpg
Bodleian_Library_Antiq_d_F_9_Page_07.jpg
Bodleian_Library_Antiq_d_F_9_Page_08.jpg
Bodleian_Library_Antiq_d_F_9_Page_09.jpg
Bodleian_Library_Antiq_d_F_9_Page_10.jpg
Bodleian_Library_Antiq_d_F_9_Page_11.jpg
Bodleian_Library_Antiq_d_F_9_Page_12.jpg
Bodleian_Library_Arch_B_c_25_Page_01.jpg
Bodleian_Library_Arch_B_c_25_Page_02.jpg
Bodleian_Library_Arch_B_c_25_Page_03.jpg
Bodleian_Library_Arch_B_c_25_Page_04.jpg
Bodleian_Library_Arch_B_c_25_Page_05.jpg
Bodleian_Library_Arch_B_c_25_Page_06.jpg
Bodleian_Library_Arch_B_c_25_Page_07.jpg
Bodleian_Library_Arch_B_c_25_Page_08.jpg
Bodleian_Library_Arch_B_c_25_Page_09.jpg
Bodleian_Library_Arch_B_c_25_Page_10.jpg
Bodleian_S_seld_d_4_Page_37.jpg
Bodleian_S_seld_d_4_Page_40.jpg
Bodleian_S_seld_d_4_Page_42.jpg
Bodleian_S_seld_d_4_Page_44.jpg
Bodleian_S_seld_d_4_Page_45.jpg
Bodleian_S_seld_d_4_Page_46.jpg
Bodleian_S_seld_d_4_Page_48.jpg
Bodleian_S_seld_d_4_Page_49.jpg
Bodleian_S_seld_d_4_Page_50.jpg
Bodleian_S_seld_d_4_Page_51.jpg
Bodleian_S_seld_d_4_Page_52.jpg
Bodleian_S_seld_d_4_Page_53.jpg
Bodleian_S_seld_d_4_Page_54.jpg
Bodleian_S_seld_d_4_Page_55.jpg
Bodleian_S_seld_d_4_Page_56.jpg
Bodleian_S_seld_d_4_Page_57.jpg
Bodleian_S_seld_d_4_Page_58.jpg
Bodleian_S_seld_d_4_Page_59.jpg
Bodleian_S_seld_d_4_Page_60.jpg
Bodleian_S_seld_d_4_Page_61.jpg
Bodleian_S_seld_d_4_Page_62.jpg
Bodleian_S_seld_d_4_Page_63.jpg
Bodleian_S_seld_d_4_Page_64.jpg
Bodleian_S_seld_d_4_Page_65.jpg
Bodleian_S_seld_d_4_Page_66.jpg
Bodleian_S_seld_d_4_Page_67.jpg
Bodleian_S_seld_d_4_Page_68.jpg
Bodleian_S_seld_d_4_Page_69.jpg
Bodleian_S_seld_d_4_Page_70.jpg
Bodleian_S_seld_d_4_Page_71.jpg
Bodleian_S_seld_d_4_Page_72.jpg
Bodleian_S_seld_d_4_Page_73.jpg
Bodleian_S_seld_d_4_Page_74.jpg
Bodleian_S_seld_d_4_Page_75.jpg
Bodleian_S_seld_d_4_Page_76.jpg
Bodleian_S_seld_d_4_Page_77.jpg
Bodleian_S_seld_d_4_Page_78.jpg
Bodleian_S_seld_d_4_Page_79.jpg
Bodleian_S_seld_d_4_Page_80.jpg
Bodleian_S_seld_d_4_Page_81.jpg
Bodleian_S_seld_d_4_Page_82.jpg
Bodleian_S_seld_d_4_Page_83.jpg
Bodleian_S_seld_d_4_Page_84.jpg
Bodleian_S_seld_d_4_Page_85.jpg
Bodleian_S_seld_d_4_Page_86.jpg
Bodleian_S_seld_d_4_Page_87.jpg
Bodleian_S_seld_d_4_Page_89.jpg
Bodleian_S_seld_d_4_Page_90.jpg
Bodleian_S_seld_d_4_Page_91.jpg
Bodleian_S_seld_d_4_Page_92.jpg
Bodleian_S_seld_d_4_Page_94.jpg
Bodleian_S_seld_d_4_Page_95.jpg
Bodleian_S_seld_d_4_Page_96.jpg
Christ_Church_MC_8_29_Page_01.jpg
Christ_Church_Mus_1208_Page_01.jpg
Museum_Natural_History_OUM_1_d_88.jpg
Queens_College_Sel_d_81_1_8_Page_001.jpg
Queens_College_Sel_d_81_1_8_Page_133.jpg
abo_homer_odyssey_Page_01.jpg
abo_homer_odyssey_Page_03.jpg
abo_homer_odyssey_Page_04.jpg
abo_homer_odyssey_Page_05.jpg
abo_homer_odyssey_Page_06.jpg
abo_homer_odyssey_Page_07.jpg
abo_homer_odyssey_Page_08.jpg
abo_homer_odyssey_Page_09.jpg
abo_homer_odyssey_Page_10.jpg
abo_homer_odyssey_Page_11.jpg
abo_homer_odyssey_Page_12.jpg
abo_homer_odyssey_Page_13.jpg
abo_homer_odyssey_Page_14.jpg
abo_homer_odyssey_Page_15.jpg
abo_homer_odyssey_Page_16.jpg
abo_homer_odyssey_Page_17.jpg
abo_homer_odyssey_Page_18.jpg
abo_homer_odyssey_Page_19.jpg
abo_homer_odyssey_Page_20.jpg
alcoran_BP109D81649_Page_005.jpg
aneid_bl_1499_Page_02.jpg
aneid_bl_1499_Page_03.jpg
aneid_bl_1499_Page_04.jpg
aneid_bl_1499_Page_05.jpg
aneid_bl_1499_Page_06.jpg
aneid_bl_1499_Page_07.jpg
aneid_bl_1499_Page_08.jpg
aneid_bl_1499_Page_09.jpg
aneid_bl_1499_Page_10.jpg
aneid_bl_1499_Page_11.jpg
aneid_bl_1499_Page_12.jpg
aneid_bl_1499_Page_13.jpg
aneid_bl_1499_Page_14.jpg
aneid_bl_1499_Page_15.jpg
aneid_bl_1499_Page_16.jpg
aneid_bl_1499_Page_17.jpg
ballads_EBBA_20801.jpg
ballads_EBBA_32148.jpg
ballads_EBBA_32193.jpg
ballads_EBBA_32338.jpg
ballads_EBBA_33060.jpg
ballads_EBBA_34323.jpg
ballads_EBBA_34377.jpg
ballads_EBBA_34454.jpg
ballads_EBBA_34844.jpg
ballads_EBBA_35858.jpg
ballads_EBBA_36661.jpg
birthmankind_R718b1565_Page_003.jpg
birthmankind_R718b1565_Page_005.jpg
bodleian_Byw_L_5_2_Page_001.jpg
bodleian_Byw_L_5_2_Page_002.jpg
bodleian_Byw_L_5_2_Page_285.jpg
bodleian_Locke_17_16_Page_004.jpg
bodleian_Locke_17_16_Page_007.jpg
bodleian_Locke_17_16_Page_008.jpg
bodleian_Locke_17_16_Page_009.jpg
bodleian_Locke_17_16_Page_011.jpg
bodleian_Locke_17_16_Page_012.jpg
bodleian_Locke_17_16_Page_013.jpg
bodleian_Locke_17_16_Page_014.jpg
bodleian_Locke_17_16_Page_015.jpg
bodleian_Locke_17_16_Page_017.jpg
bodleian_Locke_17_16_Page_018.jpg
bodleian_Locke_17_16_Page_021.jpg
bodleian_Locke_17_16_Page_024.jpg
bodleian_Locke_17_16_Page_027.jpg
bodleian_Locke_17_16_Page_030.jpg
bodleian_Locke_17_16_Page_031.jpg
bodleian_Locke_17_16_Page_034.jpg
bodleian_Locke_17_16_Page_039.jpg
bodleian_Locke_17_16_Page_043.jpg
bodleian_Locke_17_16_Page_046.jpg
bodleian_Locke_17_16_Page_047.jpg
bodleian_Locke_17_16_Page_054.jpg
bodleian_Locke_17_16_Page_055.jpg
bodleian_Locke_17_16_Page_056.jpg
bodleian_Locke_17_16_Page_059.jpg
bodleian_Locke_17_16_Page_060.jpg
bodleian_Locke_17_16_Page_061.jpg
bodleian_Locke_17_16_Page_072.jpg
bodleian_Locke_17_16_Page_073.jpg
bodleian_Locke_17_16_Page_078.jpg
bodleian_Locke_17_16_Page_080.jpg
bodleian_Locke_17_16_Page_082.jpg
bodleian_Locke_17_16_Page_085.jpg
bodleian_Locke_17_16_Page_091.jpg
bodleian_Locke_17_16_Page_092.jpg
bodleian_Locke_17_16_Page_099.jpg
bodleian_Locke_17_16_Page_100.jpg
bodleian_Locke_17_16_Page_103.jpg
bodleian_Locke_17_16_Page_104.jpg
bodleian_Locke_17_16_Page_109.jpg
bodleian_Locke_17_16_Page_115.jpg
bodleian_Locke_17_16_Page_126.jpg
bodleian_Locke_17_16_Page_136.jpg
bodleian_Locke_17_16_Page_137.jpg
bodleian_Locke_17_16_Page_138.jpg
bodleian_Locke_17_16_Page_139.jpg
bodleian_Locke_17_16_Page_143.jpg
bodleian_Locke_17_16_Page_153.jpg
bodleian_Locke_17_16_Page_154.jpg
bodleian_Locke_17_16_Page_160.jpg
bodleian_Locke_17_16_Page_161.jpg
bodleian_Locke_17_16_Page_163.jpg
bodleian_Locke_17_16_Page_170.jpg
bodleian_Locke_17_16_Page_173.jpg
bodleian_Locke_17_16_Page_188.jpg
bodleian_Locke_17_16_Page_189.jpg
bodleian_Locke_17_16_Page_198.jpg
bodleian_Locke_17_16_Page_199.jpg
bodleian_Locke_17_16_Page_216.jpg
bodleian_Locke_17_16_Page_223.jpg
bodleian_Locke_17_16_Page_225.jpg
bodleian_S_Seld_d_14_Page_019.jpg
bodleian_S_Seld_d_14_Page_111.jpg
bodleian_S_Seld_d_14_Page_112.jpg
bodleian_S_Seld_d_14_Page_113.jpg
bodleian_S_Seld_d_14_Page_114.jpg
bodleian_S_Seld_d_14_Page_115.jpg
bodleian_S_Seld_d_14_Page_116.jpg
bodleian_S_Seld_d_14_Page_121.jpg
bodleian_S_Seld_d_14_Page_136.jpg
bodleian_S_Seld_d_14_Page_137.jpg
bodleian_S_Seld_d_14_Page_138.jpg
bodleian_S_Seld_d_14_Page_139.jpg
bodleian_S_Seld_d_14_Page_140.jpg
bodleian_S_Seld_d_14_Page_141.jpg
bodleian_annotated_misc_Page_01.jpg
bodleian_annotated_misc_Page_02.jpg
bodleian_annotated_misc_Page_03.jpg
bodleian_annotated_misc_Page_04.jpg
bodleian_annotated_misc_Page_05.jpg
bodleian_annotated_misc_Page_06.jpg
bodleian_annotated_misc_Page_07.jpg
bodleian_annotated_misc_Page_08.jpg
bodleian_annotated_misc_Page_09.jpg
bodleian_annotated_misc_Page_10.jpg
bodleian_annotated_misc_Page_11.jpg
bodleian_annotated_misc_Page_12.jpg
bodleian_annotated_misc_Page_13.jpg
bodleian_annotated_misc_Page_14.jpg
bodleian_annotated_misc_Page_15.jpg
bodleian_annotated_misc_Page_16.jpg
bodleian_annotated_misc_Page_17.jpg
bodleian_annotated_misc_Page_18.jpg
bodleian_annotated_misc_Page_19.jpg
bodleian_annotated_misc_Page_20.jpg
bodleian_annotated_misc_Page_21.jpg
bodleian_champion_hall_BX1749_Page_01.jpg
bodleian_champion_hall_BX1749_Page_02.jpg
bodleian_champion_hall_BX1749_Page_03.jpg
bodleian_champion_hall_BX1749_Page_04.jpg
bodleian_champion_hall_BX1749_Page_05.jpg
bodleian_champion_hall_BX1749_Page_06.jpg
bodleian_champion_hall_BX1749_Page_07.jpg
bodleian_champion_hall_BX1749_Page_08.jpg
bodleian_champion_hall_BX1749_Page_09.jpg
bodleian_champion_hall_BX1749_Page_10.jpg
bodleian_champion_hall_BX1749_Page_11.jpg
bodleian_champion_hall_BX1749_Page_12.jpg
bodleian_champion_hall_BX1749_Page_13.jpg
bodleian_champion_hall_BX1749_Page_14.jpg
bodleian_champion_hall_BX1749_Page_15.jpg
bodleian_champion_hall_BX1749_Page_16.jpg
bodleian_champion_hall_BX1749_Page_17.jpg
bodleian_champion_hall_BX1749_Page_18.jpg
bodleian_champion_hall_BX1749_Page_19.jpg
bodleian_champion_hall_BX1749_Page_20.jpg
bodleian_champion_hall_BX1749_Page_21.jpg
bodleian_champion_hall_BX1749_Page_22.jpg
bodleian_champion_hall_BX1749_Page_23.jpg
bodleian_champion_hall_BX1749_Page_24.jpg
bodleian_champion_hall_BX1749_Page_25.jpg
bodleian_champion_hall_BX1749_Page_26.jpg
bodleian_champion_hall_BX1749_Page_27.jpg
bodleian_champion_hall_BX1749_Page_28.jpg
bodleian_champion_hall_BX1749_Page_29.jpg
bodleian_champion_hall_BX1749_Page_30.jpg
bodleian_champion_hall_BX1749_Page_31.jpg
bodleian_champion_hall_BX1749_Page_32.jpg
bodleian_champion_hall_BX1749_Page_33.jpg
bodleian_champion_hall_BX1749_Page_34.jpg
bodleian_champion_hall_BX1749_Page_35.jpg
bodleian_champion_hall_BX1749_Page_36.jpg
bodleian_champion_hall_BX1749_Page_37.jpg
bodleian_champion_hall_BX1749_Page_38.jpg
bodleian_champion_hall_BX1749_Page_39.jpg
bodleian_champion_hall_BX1749_Page_40.jpg
bodleian_champion_hall_BX1749_Page_41.jpg
bodleian_champion_hall_BX1749_Page_42.jpg
bodleian_champion_hall_BX1749_Page_43.jpg
bodleian_champion_hall_BX1749_Page_44.jpg
bodleian_champion_hall_BX1749_Page_45.jpg
bodleian_champion_hall_BX1749_Page_46.jpg
bodleian_champion_hall_BX1749_Page_47.jpg
bodleian_champion_hall_BX1749_Page_48.jpg
bodleian_champion_hall_BX1749_Page_49.jpg
bodleian_champion_hall_BX1749_Page_50.jpg
bodleian_champion_hall_BX1749_Page_51.jpg
bodleian_champion_hall_BX1749_Page_52.jpg
bodleian_champion_hall_BX1749_Page_53.jpg
bodleian_champion_hall_BX1749_Page_54.jpg
bodleian_champion_hall_BX1749_Page_55.jpg
bodleian_champion_hall_BX1749_Page_56.jpg
bodleian_champion_hall_BX1749_Page_57.jpg
bodleian_champion_hall_BX1749_Page_58.jpg
bodleian_champion_hall_BX1749_Page_59.jpg
bodleian_champion_hall_BX1749_Page_60.jpg
bodleian_champion_hall_BX1749_Page_61.jpg
bodleian_misc_annotated_Page_01.jpg
bodleian_misc_annotated_Page_02.jpg
bodleian_misc_annotated_Page_03.jpg
bodleian_misc_annotated_Page_04.jpg
bodleian_misc_annotated_Page_05.jpg
bodleian_misc_annotated_Page_06.jpg
bodleian_misc_annotated_Page_07.jpg
bodleian_misc_annotated_Page_08.jpg
bodleian_misc_annotated_Page_09.jpg
bodleian_misc_annotated_Page_10.jpg
bodleian_misc_annotated_Page_11.jpg
bodleian_misc_annotated_Page_12.jpg
bpl_adams_12_2_Page_01.jpg
bpl_adams_12_2_Page_02.jpg
bpl_adams_12_2_Page_03.jpg
bpl_adams_12_2_Page_04.jpg
bpl_adams_12_2_Page_05.jpg
bpl_adams_12_2_Page_06.jpg
bpl_adams_12_2_Page_07.jpg
bpl_adams_12_2_Page_08.jpg
bpl_adams_12_2_Page_09.jpg
bpl_adams_12_2_Page_10.jpg
bpl_adams_12_2_Page_11.jpg
bpl_adams_12_2_Page_12.jpg
bpl_adams_12_2_Page_13.jpg
bpl_adams_12_2_Page_14.jpg
bpl_adams_12_2_Page_15.jpg
bpl_adams_12_2_Page_17.jpg
bpl_adams_12_2_Page_18.jpg
bpl_adams_12_2_Page_19.jpg
bpl_adams_12_2_Page_20.jpg
bpl_adams_12_2_Page_21.jpg
bpl_adams_12_2_Page_22.jpg
bpl_adams_12_2_Page_23.jpg
bpl_adams_12_2_Page_24.jpg
bpl_adams_12_2_Page_26.jpg
bpl_adams_12_2_Page_27.jpg
bpl_adams_150_19_Page_01.jpg
bpl_adams_150_19_Page_02.jpg
bpl_adams_150_19_Page_03.jpg
bpl_adams_150_19_Page_05.jpg
bpl_adams_150_19_Page_06.jpg
bpl_adams_150_19_Page_07.jpg
bpl_adams_150_19_Page_08.jpg
bpl_adams_150_19_Page_09.jpg
bpl_adams_150_19_Page_10.jpg
bpl_adams_150_19_Page_11.jpg
bpl_adams_150_19_Page_12.jpg
bpl_adams_150_19_Page_13.jpg
bpl_adams_150_19_Page_14.jpg
bpl_adams_150_19_Page_15.jpg
bpl_adams_150_19_Page_16.jpg
bpl_adams_150_19_Page_17.jpg
bpl_adams_150_19_Page_18.jpg
bpl_adams_150_19_Page_19.jpg
bpl_adams_150_19_Page_20.jpg
bpl_adams_150_19_Page_21.jpg
bpl_adams_150_19_Page_22.jpg
bpl_adams_150_19_Page_23.jpg
bpl_adams_150_19_Page_24.jpg
bpl_adams_150_19_Page_25.jpg
bpl_adams_150_19_Page_26.jpg
bpl_adams_150_19_Page_27.jpg
bpl_adams_150_19_Page_28.jpg
bpl_adams_150_19_Page_30.jpg
bpl_adams_170_11_Page_03.jpg
bpl_adams_170_11_Page_04.jpg
bpl_adams_170_11_Page_05.jpg
bpl_adams_170_11_Page_06.jpg
bpl_adams_170_11_Page_07.jpg
bpl_adams_170_11_Page_08.jpg
bpl_adams_170_11_Page_09.jpg
bpl_adams_170_11_Page_10.jpg
bpl_adams_170_11_Page_11.jpg
bpl_adams_170_11_Page_12.jpg
bpl_adams_170_11_Page_13.jpg
bpl_adams_170_11_Page_14.jpg
bpl_adams_170_11_Page_15.jpg
bpl_adams_170_11_Page_16.jpg
bpl_adams_170_11_Page_17.jpg
bpl_adams_170_11_Page_18.jpg
bpl_adams_170_11_Page_19.jpg
bpl_adams_170_11_Page_20.jpg
bpl_adams_170_11_Page_22.jpg
bpl_adams_170_11_Page_23.jpg
bpl_adams_170_11_Page_24.jpg
bpl_adams_170_11_Page_25.jpg
bpl_adams_170_11_Page_26.jpg
bpl_adams_221_15_Page_01.jpg
bpl_adams_221_15_Page_02.jpg
bpl_adams_221_15_Page_03.jpg
bpl_adams_221_15_Page_04.jpg
bpl_adams_221_15_Page_05.jpg
bpl_adams_221_15_Page_06.jpg
bpl_adams_221_15_Page_07.jpg
bpl_adams_221_15_Page_08.jpg
bpl_adams_221_15_Page_09.jpg
bpl_adams_221_15_Page_10.jpg
bpl_adams_221_15_Page_11.jpg
bpl_adams_221_15_Page_12.jpg
bpl_adams_221_15_Page_13.jpg
bpl_adams_221_15_Page_14.jpg
bpl_adams_221_15_Page_15.jpg
bpl_adams_221_15_Page_16.jpg
bpl_adams_221_15_Page_17.jpg
bpl_adams_221_15_Page_18.jpg
bpl_adams_221_15_Page_19.jpg
bpl_adams_221_15_Page_20.jpg
bpl_adams_221_15_Page_21.jpg
bpl_adams_221_15_Page_22.jpg
bpl_adams_221_15_Page_24.jpg
bpl_adams_221_15_Page_25.jpg
bpl_adams_221_15_Page_26.jpg
bpl_adams_221_15_Page_27.jpg
bpl_adams_221_15_Page_28.jpg
bpl_adams_221_15_Page_29.jpg
bpl_adams_221_15_Page_30.jpg
bpl_adams_221_15_Page_31.jpg
bpl_adams_23_10_vol_2_Page_02.jpg
bpl_adams_23_10_vol_2_Page_03.jpg
bpl_adams_23_10_vol_2_Page_06.jpg
bpl_adams_23_10_vol_2_Page_07.jpg
bpl_adams_23_10_vol_2_Page_14.jpg
bpl_adams_23_10_vol_2_Page_17.jpg
bpl_adams_23_10_vol_2_Page_21.jpg
bpl_adams_23_10_vol_2_Page_25.jpg
bpl_adams_23_10_vol_2_Page_30.jpg
bpl_adams_23_10_vol_2_Page_34.jpg
bpl_adams_23_10_vol_2_Page_35.jpg
bpl_adams_23_10_vol_2_Page_39.jpg
bpl_adams_23_10_vol_2_Page_41.jpg
bpl_adams_23_10_vol_2_Page_51.jpg
bpl_adams_23_10_vol_2_Page_54.jpg
bpl_adams_23_10_vol_2_Page_55.jpg
bpl_adams_23_10_vol_2_Page_56.jpg
bpl_adams_23_10_vol_2_Page_58.jpg
bpl_adams_23_10_vol_2_Page_59.jpg
bpl_adams_23_1_vol1_Page_01.jpg
bpl_adams_23_1_vol1_Page_02.jpg
bpl_adams_23_1_vol1_Page_03.jpg
bpl_adams_23_1_vol1_Page_04.jpg
bpl_adams_23_1_vol1_Page_08.jpg
bpl_adams_23_1_vol1_Page_09.jpg
bpl_adams_23_1_vol1_Page_11.jpg
bpl_adams_23_1_vol1_Page_12.jpg
bpl_adams_23_1_vol1_Page_13.jpg
bpl_adams_23_1_vol1_Page_14.jpg
bpl_adams_23_1_vol1_Page_15.jpg
bpl_adams_23_1_vol1_Page_16.jpg
bpl_adams_23_1_vol1_Page_17.jpg
bpl_adams_23_1_vol1_Page_18.jpg
bpl_adams_23_1_vol1_Page_19.jpg
bpl_adams_23_1_vol1_Page_20.jpg
bpl_adams_23_1_vol1_Page_21.jpg
bpl_adams_23_1_vol1_Page_22.jpg
bpl_adams_23_1_vol1_Page_23.jpg
bpl_adams_23_1_vol1_Page_24.jpg
bpl_adams_23_1_vol1_Page_25.jpg
bpl_adams_23_1_vol1_Page_26.jpg
bpl_adams_23_1_vol1_Page_27.jpg
bpl_adams_23_1_vol1_Page_28.jpg
bpl_adams_23_1_vol1_Page_29.jpg
bpl_adams_23_1_vol1_Page_30.jpg
bpl_adams_23_1_vol1_Page_31.jpg
bpl_adams_23_1_vol1_Page_32.jpg
bpl_adams_23_1_vol1_Page_33.jpg
bpl_adams_29_15_Page_01.jpg
bpl_adams_29_15_Page_02.jpg
bpl_adams_29_15_Page_03.jpg
bpl_adams_29_15_Page_05.jpg
bpl_adams_29_15_Page_06.jpg
bpl_adams_29_15_Page_07.jpg
bpl_adams_29_15_Page_08.jpg
bpl_adams_29_15_Page_09.jpg
bpl_adams_29_15_Page_10.jpg
bpl_adams_29_15_Page_11.jpg
bpl_adams_29_15_Page_12.jpg
bpl_adams_29_15_Page_13.jpg
bpl_adams_29_15_Page_14.jpg
bpl_adams_29_15_Page_15.jpg
bpl_adams_29_15_Page_16.jpg
bpl_adams_29_15_Page_17.jpg
bpl_adams_29_15_Page_18.jpg
bpl_adams_29_15_Page_19.jpg
bpl_adams_29_15_Page_20.jpg
bpl_adams_29_15_Page_21.jpg
bpl_adams_29_15_Page_22.jpg
bpl_adams_29_15_Page_23.jpg
bpl_adams_29_15_Page_24.jpg
bpl_adams_29_15_Page_25.jpg
bpl_adams_29_15_Page_26.jpg
bpl_adams_29_15_Page_27.jpg
bpl_adams_29_15_Page_28.jpg
bpl_adams_29_15_Page_29.jpg
bpl_adams_29_15_Page_30.jpg
bpl_adams_29_15_Page_31.jpg
bpl_adams_29_15_Page_32.jpg
bpl_adams_29_15_Page_33.jpg
bpl_adams_29_15_Page_34.jpg
bpl_adams_29_15_Page_35.jpg
bpl_adams_29_15_Page_36.jpg
bpl_adams_29_15_Page_37.jpg
bpl_adams_29_15_Page_38.jpg
bpl_adams_29_15_Page_39.jpg
bpl_adams_29_15_Page_40.jpg
bpl_adams_29_15_Page_41.jpg
bpl_adams_29_15_Page_42.jpg
bpl_adams_29_15_Page_43.jpg
bpl_adams_29_15_Page_44.jpg
bpl_adams_29_15_Page_45.jpg
bpl_adams_29_15_Page_46.jpg
bpl_adams_60_1_vol9_Page_01.jpg
bpl_adams_60_1_vol9_Page_02.jpg
bpl_adams_60_1_vol9_Page_03.jpg
bpl_adams_60_1_vol9_Page_04.jpg
bpl_adams_60_1_vol9_Page_05.jpg
bpl_adams_60_1_vol9_Page_06.jpg
bpl_adams_60_1_vol9_Page_07.jpg
bpl_adams_60_1_vol9_Page_08.jpg
bpl_adams_60_1_vol9_Page_10.jpg
bpl_adams_60_1_vol9_Page_11.jpg
bpl_adams_60_1_vol9_Page_12.jpg
bpl_adams_60_1_vol9_Page_13.jpg
bpl_adams_60_1_vol9_Page_14.jpg
bpl_adams_60_1_vol9_Page_16.jpg
bpl_adams_60_1_vol9_Page_17.jpg
bpl_adams_60_1_vol9_Page_18.jpg
bpl_adams_60_1_vol9_Page_20.jpg
bpl_adams_60_1_vol9_Page_21.jpg
bpl_argument_florimene_Page_01.jpg
bpl_argument_florimene_Page_17.jpg
bpl_argument_florimene_Page_18.jpg
bpl_behn_counterfeit_bridegroom_Page_01.jpg
browne_commonprayer_Page_002.jpg
browne_commonprayer_Page_003.jpg
browne_commonprayer_Page_004.jpg
browne_commonprayer_Page_005.jpg
browne_commonprayer_Page_006.jpg
browne_commonprayer_Page_010.jpg
browne_commonprayer_Page_011.jpg
browne_commonprayer_Page_012.jpg
browne_commonprayer_Page_015.jpg
browne_commonprayer_Page_016.jpg
browne_commonprayer_Page_025.jpg
browne_commonprayer_Page_032.jpg
browne_commonprayer_Page_034.jpg
browne_commonprayer_Page_035.jpg
browne_commonprayer_Page_036.jpg
browne_commonprayer_Page_037.jpg
browne_commonprayer_Page_039.jpg
browne_commonprayer_Page_045.jpg
browne_commonprayer_Page_048.jpg
browne_commonprayer_Page_049.jpg
browne_commonprayer_Page_050.jpg
browne_commonprayer_Page_051.jpg
browne_commonprayer_Page_052.jpg
browne_commonprayer_Page_053.jpg
browne_commonprayer_Page_054.jpg
buchanan_scoticarum_1582_Page_01.jpg
buchanan_scoticarum_1582_Page_04.jpg
buchanan_scoticarum_1582_Page_05.jpg
buchanan_scoticarum_1582_Page_06.jpg
buchanan_scoticarum_1582_Page_07.jpg
buchanan_scoticarum_1582_Page_08.jpg
buchanan_scoticarum_1582_Page_09.jpg
buchanan_scoticarum_1582_Page_10.jpg
buchanan_scoticarum_1582_Page_11.jpg
buchanan_scoticarum_1582_Page_12.jpg
buchanan_scoticarum_1582_Page_13.jpg
buchanan_scoticarum_1582_Page_14.jpg
buchanan_scoticarum_1582_Page_15.jpg
buchanan_scoticarum_1582_Page_16.jpg
buchanan_scoticarum_1582_Page_17.jpg
buchanan_scoticarum_1582_Page_18.jpg
buchanan_scoticarum_1582_Page_19.jpg
buchanan_scoticarum_1582_Page_20.jpg
buchanan_scoticarum_1582_Page_21.jpg
buchanan_scoticarum_1582_Page_22.jpg
buchanan_scoticarum_1582_Page_23.jpg
buchanan_scoticarum_1582_Page_24.jpg
buchanan_scoticarum_1582_Page_25.jpg
buchanan_scoticarum_1582_Page_26.jpg
buchanan_scoticarum_1582_Page_27.jpg
de_revolutionibus_orbium_coelestium_Page_01.jpg
de_revolutionibus_orbium_coelestium_Page_02.jpg
de_revolutionibus_orbium_coelestium_Page_03.jpg
de_revolutionibus_orbium_coelestium_Page_04.jpg
de_revolutionibus_orbium_coelestium_Page_05.jpg
de_revolutionibus_orbium_coelestium_Page_06.jpg
de_revolutionibus_orbium_coelestium_Page_07.jpg
de_revolutionibus_orbium_coelestium_Page_09.jpg
de_revolutionibus_orbium_coelestium_Page_11.jpg
de_revolutionibus_orbium_coelestium_Page_13.jpg
de_revolutionibus_orbium_coelestium_Page_16.jpg
de_revolutionibus_orbium_coelestium_Page_18.jpg
de_revolutionibus_orbium_coelestium_Page_21.jpg
de_revolutionibus_orbium_coelestium_Page_23.jpg
de_revolutionibus_orbium_coelestium_Page_24.jpg
de_revolutionibus_orbium_coelestium_Page_25.jpg
de_revolutionibus_orbium_coelestium_Page_26.jpg
de_revolutionibus_orbium_coelestium_Page_27.jpg
de_revolutionibus_orbium_coelestium_Page_28.jpg
de_revolutionibus_orbium_coelestium_Page_29.jpg
de_revolutionibus_orbium_coelestium_Page_30.jpg
de_revolutionibus_orbium_coelestium_Page_32.jpg
de_revolutionibus_orbium_coelestium_Page_34.jpg
de_revolutionibus_orbium_coelestium_Page_36.jpg
de_revolutionibus_orbium_coelestium_Page_39.jpg
de_revolutionibus_orbium_coelestium_Page_41.jpg
de_revolutionibus_orbium_coelestium_Page_43.jpg
de_revolutionibus_orbium_coelestium_Page_45.jpg
de_revolutionibus_orbium_coelestium_Page_49.jpg
de_revolutionibus_orbium_coelestium_Page_51.jpg
de_revolutionibus_orbium_coelestium_Page_60.jpg
de_revolutionibus_orbium_coelestium_Page_61.jpg
de_revolutionibus_orbium_coelestium_Page_84.jpg
doe_desituorbis_1553_Page_01.jpg
doe_desituorbis_1553_Page_02.jpg
doe_desituorbis_1553_Page_03.jpg
doe_desituorbis_1553_Page_04.jpg
doe_desituorbis_1553_Page_05.jpg
doe_desituorbis_1553_Page_06.jpg
doe_desituorbis_1553_Page_07.jpg
doe_desituorbis_1553_Page_08.jpg
doe_desituorbis_1553_Page_09.jpg
doe_desituorbis_1553_Page_10.jpg
doe_desituorbis_1553_Page_11.jpg
doe_desituorbis_1553_Page_12.jpg
doe_desituorbis_1553_Page_13.jpg
doe_desituorbis_1553_Page_14.jpg
doe_desituorbis_1553_Page_15.jpg
doe_desituorbis_1553_Page_16.jpg
doe_desituorbis_1553_Page_17.jpg
doe_desituorbis_1553_Page_18.jpg
doe_desituorbis_1553_Page_19.jpg
doe_desituorbis_1553_Page_20.jpg
folger_housewives.jpg
folger_miscellany_Page_01.jpg
folger_miscellany_Page_02.jpg
folger_miscellany_Page_03.jpg
folger_miscellany_Page_04.jpg
folger_miscellany_Page_05.jpg
folger_miscellany_Page_06.jpg
folger_miscellany_Page_08.jpg
folger_miscellany_Page_09.jpg
folger_miscellany_Page_10.jpg
folger_miscellany_Page_11.jpg
folger_miscellany_Page_12.jpg
folger_miscellany_Page_13.jpg
folger_miscellany_Page_14.jpg
folger_miscellany_Page_15.jpg
folger_miscellany_Page_16.jpg
folger_miscellany_Page_17.jpg
folger_miscellany_Page_18.jpg
folger_miscellany_Page_19.jpg
folger_miscellany_Page_20.jpg
folger_miscellany_Page_21.jpg
folger_miscellany_Page_22.jpg
folger_miscellany_Page_23.jpg
folger_miscellany_Page_24.jpg
folger_miscellany_Page_25.jpg
folger_miscellany_Page_26.jpg
folger_miscellany_Page_27.jpg
folger_miscellany_Page_28.jpg
folger_miscellany_Page_29.jpg
folger_miscellany_Page_30.jpg
folger_miscellany_Page_31.jpg
folger_miscellany_Page_32.jpg
folger_miscellany_Page_33.jpg
folger_miscellany_Page_34.jpg
folger_miscellany_Page_35.jpg
folger_miscellany_Page_36.jpg
folger_miscellany_Page_37.jpg
folger_miscellany_Page_38.jpg
folger_miscellany_Page_39.jpg
folger_miscellany_Page_40.jpg
folger_miscellany_Page_41.jpg
folger_miscellany_Page_42.jpg
folger_miscellany_Page_43.jpg
folger_miscellany_Page_44.jpg
folger_miscellany_Page_45.jpg
folger_miscellany_Page_46.jpg
folger_miscellany_Page_47.jpg
folger_miscellany_Page_48.jpg
folger_plays_Page_02.jpg
folger_plays_Page_03.jpg
folger_plays_Page_04.jpg
folger_plays_Page_05.jpg
folger_plays_Page_07.jpg
folger_plays_Page_09.jpg
folger_plays_Page_10.jpg
folger_poems_1709.jpg
folger_poems_Page_01.jpg
folger_poems_Page_02.jpg
folger_poems_Page_04.jpg
folger_poems_Page_05.jpg
folger_poems_Page_06.jpg
folger_poems_Page_07.jpg
folger_poems_Page_08.jpg
folger_poems_Page_11.jpg
folger_poems_Page_12.jpg
folger_poems_Page_13.jpg
folger_texts_Page_01.jpg
folger_texts_Page_02.jpg
folger_texts_Page_03.jpg
folger_texts_Page_04.jpg
folger_texts_Page_05.jpg
folger_texts_Page_06.jpg
folger_texts_Page_07.jpg
folger_texts_Page_08.jpg
folger_texts_Page_09.jpg
folger_texts_Page_10.jpg
folger_texts_Page_11.jpg
folger_texts_Page_13.jpg
folger_texts_Page_14.jpg
folger_texts_Page_15.jpg
folger_texts_Page_16.jpg
folger_texts_Page_17.jpg
folger_texts_Page_18.jpg
folger_texts_Page_19.jpg
folger_texts_Page_20.jpg
folger_texts_Page_21.jpg
folger_texts_Page_22.jpg
folger_texts_Page_23.jpg
folger_texts_Page_24.jpg
folger_texts_Page_25.jpg
folger_texts_Page_26.jpg
folger_texts_Page_27.jpg
folger_texts_Page_28.jpg
folger_texts_Page_29.jpg
jcb_arte_de_la_lengua_Page_001.jpg
jcb_arte_de_la_lengua_Page_002.jpg
jcb_arte_de_la_lengua_Page_003.jpg
jcb_arte_de_la_lengua_Page_144.jpg
jcb_arte_de_la_lengua_Page_145.jpg
jcb_arte_de_la_lengua_Page_146.jpg
jcb_arte_de_la_lengua_Page_147.jpg
jcb_constituciones_Page_001.jpg
jcb_constituciones_Page_045.jpg
jcb_constituciones_Page_050.jpg
jcb_constituciones_Page_051.jpg
jcb_constituciones_Page_054.jpg
jcb_constituciones_Page_055.jpg
jcb_constituciones_Page_063.jpg
jcb_constituciones_Page_136.jpg
jcb_constituciones_Page_137.jpg
jcb_memoire_consulter_Page_01.jpg
jcb_memoire_consulter_Page_02.jpg
jcb_memoire_consulter_Page_03.jpg
jcb_memoire_consulter_Page_04.jpg
jcb_memoire_consulter_Page_05.jpg
jcb_memoire_consulter_Page_06.jpg
jcb_memoire_consulter_Page_07.jpg
jcb_memoire_consulter_Page_08.jpg
jcb_memoire_consulter_Page_09.jpg
jcb_memoire_consulter_Page_10.jpg
jcb_memoire_consulter_Page_11.jpg
jcb_memoire_consulter_Page_12.jpg
jcb_memoire_consulter_Page_13.jpg
jcb_memoire_consulter_Page_14.jpg
jcb_memoire_consulter_Page_15.jpg
jcb_memoire_consulter_Page_17.jpg
jcb_memoire_pour_charles_louis_Page_01.jpg
jcb_memoire_pour_charles_louis_Page_09.jpg
jcb_memoire_pour_charles_louis_Page_15.jpg
jcb_memoire_pour_charles_louis_Page_19.jpg
jcb_memoire_pour_charles_louis_Page_41.jpg
jcb_memoire_pour_charles_louis_Page_51.jpg
jcb_memoire_pour_charles_louis_Page_54.jpg
jcb_memoire_pour_guillaudeu_duplessis_Page_1.jpg
jcb_memoire_pour_guillaudeu_duplessis_Page_2.jpg
jcb_memoire_pour_guillaudeu_duplessis_Page_3.jpg
jcb_memoire_pour_guillaudeu_duplessis_Page_4.jpg
jcb_memoire_pour_guillaudeu_duplessis_Page_5.jpg
jcb_memoire_pour_guillaudeu_duplessis_Page_6.jpg
jcb_memoire_pour_guillaudeu_duplessis_Page_7.jpg
jcb_memoire_pour_guillaudeu_duplessis_Page_8.jpg
jcb_memoire_pour_guillaudeu_duplessis_Page_9.jpg
jcb_noticias_del_sur_Page_04.jpg
jcb_noticias_del_sur_Page_12.jpg
jcb_noticias_del_sur_Page_13.jpg
jcb_noticias_del_sur_Page_15.jpg
jcb_noticias_del_sur_Page_17.jpg
jcb_noticias_del_sur_Page_39.jpg
jcb_relacion_e_informe_Page_01.jpg
jcb_relacion_e_informe_Page_53.jpg
jcb_relacion_e_informe_Page_54.jpg
jcb_relacion_e_informe_Page_55.jpg
jcb_relacion_e_informe_Page_56.jpg
jcb_relacion_e_informe_Page_57.jpg
loc_galileo_observations_Page_01.jpg
loc_miscellany_Page_01.jpg
loc_miscellany_Page_02.jpg
loc_miscellany_Page_03.jpg
loc_miscellany_Page_04.jpg
loc_miscellany_Page_05.jpg
loc_miscellany_Page_06.jpg
loc_miscellany_Page_07.jpg
loc_miscellany_Page_08.jpg
loc_miscellany_Page_09.jpg
loc_miscellany_Page_10.jpg
loc_miscellany_Page_11.jpg
loc_miscellany_Page_12.jpg
loc_miscellany_Page_13.jpg
loc_miscellany_Page_14.jpg
misc_annotated_pages_Page_01.jpg
misc_annotated_pages_Page_02.jpg
misc_annotated_pages_Page_04.jpg
misc_annotated_pages_Page_05.jpg
misc_annotated_pages_Page_06.jpg
misc_annotated_pages_Page_07.jpg
misc_annotated_pages_Page_08.jpg
misc_annotated_pages_Page_09.jpg
misc_annotated_pages_Page_10.jpg
misc_annotated_pages_Page_11.jpg
misc_annotated_pages_Page_12.jpg
misc_annotated_pages_Page_13.jpg
misc_annotated_pages_Page_14.jpg
misc_annotated_pages_Page_15.jpg
misc_annotated_pages_Page_16.jpg
misc_annotated_pages_Page_17.jpg
misc_annotated_pages_Page_18.jpg
misc_annotated_pages_Page_19.jpg
misc_annotated_pages_Page_20.jpg
misc_annotated_pages_Page_21.jpg
newton01_Page_008.jpg
newton01_Page_009.jpg
newton01_Page_012.jpg
newton01_Page_013.jpg
newton01_Page_014.jpg
newton01_Page_015.jpg
newton01_Page_018.jpg
newton01_Page_019.jpg
newton01_Page_023.jpg
newton01_Page_024.jpg
newton01_Page_025.jpg
nypl_kinglear_1608_Page_1.jpg
nypl_kinglear_1608_Page_3.jpg
nypl_kinglear_1608_Page_4.jpg
nypl_kinglear_1608_Page_5.jpg
oporinus_abo_theophrasti_Page_01.jpg
oporinus_abo_theophrasti_Page_02.jpg
oporinus_abo_theophrasti_Page_03.jpg
oporinus_abo_theophrasti_Page_04.jpg
oporinus_abo_theophrasti_Page_05.jpg
oporinus_abo_theophrasti_Page_06.jpg
oporinus_abo_theophrasti_Page_07.jpg
oporinus_abo_theophrasti_Page_08.jpg
oporinus_abo_theophrasti_Page_09.jpg
oporinus_abo_theophrasti_Page_10.jpg
oporinus_abo_theophrasti_Page_11.jpg
oporinus_abo_theophrasti_Page_12.jpg
oporinus_abo_theophrasti_Page_13.jpg
oporinus_abo_theophrasti_Page_14.jpg
oporinus_abo_theophrasti_Page_15.jpg
oporinus_abo_theophrasti_Page_16.jpg
oporinus_abo_theophrasti_Page_17.jpg
oporinus_abo_theophrasti_Page_18.jpg
oporinus_abo_theophrasti_Page_20.jpg
oporinus_abo_theophrasti_Page_21.jpg
oporinus_abo_theophrasti_Page_22.jpg
oporinus_abo_theophrasti_Page_23.jpg
oporinus_abo_theophrasti_Page_24.jpg
oporinus_abo_theophrasti_Page_25.jpg
oporinus_luther_catechism_1_Page_1.jpg
oporinus_luther_catechism_2_Page_1.jpg
oporinus_machumetis_Page_1.jpg
oporinus_machumetis_Page_2.jpg
oporinus_misc_01.jpg
oporinus_misc_04.jpg
oporinus_misc_05.jpg
oporinus_misc_06.jpg
oporinus_misc_07.jpg
oporinus_misc_10.jpg
oporinus_misc_13.jpg
oporinus_misc_14.jpg
oporinus_misc_15.jpg
oporinus_misc_18.jpg
oporinus_misc_19.jpg
oporinus_misc_20.jpg
oporinus_misc_21.jpg
oporinus_misc_22.jpg
oporinus_misc_23.jpg
princeton_2654_331_033q_Page_01.jpg
princeton_2654_331_033q_Page_02.jpg
princeton_2654_331_033q_Page_03.jpg
princeton_2654_331_033q_Page_04.jpg
princeton_2654_331_033q_Page_05.jpg
princeton_2654_331_033q_Page_06.jpg
princeton_2654_331_033q_Page_07.jpg
princeton_2654_331_033q_Page_08.jpg
princeton_2654_331_033q_Page_09.jpg
princeton_2654_331_033q_Page_10.jpg
princeton_2654_331_033q_Page_11.jpg
princeton_2654_331_033q_Page_12.jpg
princeton_2654_331_033q_Page_13.jpg
princeton_2654_331_033q_Page_14.jpg
princeton_2654_331_033q_Page_15.jpg
princeton_2654_331_033q_Page_16.jpg
princeton_2654_331_033q_Page_17.jpg
princeton_2654_331_033q_Page_18.jpg
princeton_2654_331_033q_Page_19.jpg
princeton_2654_331_033q_Page_20.jpg
princeton_2654_331_033q_Page_21.jpg
princeton_2654_331_033q_Page_22.jpg
princeton_2654_331_033q_Page_23.jpg
princeton_2654_331_033q_Page_24.jpg
princeton_2654_331_033q_Page_25.jpg
princeton_2654_331_033q_Page_26.jpg
princeton_83042_65_Page_01.jpg
princeton_83042_65_Page_02.jpg
princeton_83042_65_Page_06.jpg
princeton_83042_65_Page_07.jpg
princeton_83042_65_Page_08.jpg
princeton_83042_65_Page_09.jpg
princeton_83042_65_Page_10.jpg
princeton_83042_65_Page_11.jpg
princeton_83042_65_Page_12.jpg
princeton_83042_65_Page_13.jpg
princeton_83042_65_Page_14.jpg
princeton_83042_65_Page_15.jpg
princeton_83042_65_Page_16.jpg
princeton_83042_65_Page_19.jpg
princeton_83042_65_Page_22.jpg
princeton_83042_65_Page_25.jpg
princeton_83042_65_Page_26.jpg
princeton_83042_65_Page_27.jpg
princeton_83042_65_Page_28.jpg
princeton_83042_65_Page_30.jpg
princeton_83042_65_Page_46.jpg
princeton_83042_65_Page_47.jpg
princeton_83042_65_Page_49.jpg
princeton_83042_65_Page_65.jpg
princeton_EXKA_Ptolemy_1525a_Page_01.jpg
princeton_EXKA_Ptolemy_1525a_Page_02.jpg
princeton_EXKA_Ptolemy_1525a_Page_03.jpg
princeton_EXKA_Ptolemy_1525a_Page_04.jpg
princeton_EXKA_Ptolemy_1525a_Page_05.jpg
princeton_EXKA_Ptolemy_1525a_Page_06.jpg
princeton_EXKA_Ptolemy_1525a_Page_07.jpg
princeton_EXKA_Ptolemy_1525a_Page_08.jpg
princeton_EXKA_Ptolemy_1525a_Page_09.jpg
princeton_EXKA_Ptolemy_1525a_Page_10.jpg
princeton_EXKA_Ptolemy_1525a_Page_11.jpg
princeton_EXKA_Ptolemy_1525a_Page_12.jpg
princeton_EXKA_Ptolemy_1525a_Page_13.jpg
princeton_EXKA_Ptolemy_1525a_Page_14.jpg
princeton_EXKA_Ptolemy_1525a_Page_15.jpg
princeton_EXKA_Ptolemy_1525a_Page_16.jpg
princeton_EXKA_Ptolemy_1525a_Page_17.jpg
princeton_EXKA_Ptolemy_1525a_Page_18.jpg
princeton_EXKA_Ptolemy_1525a_Page_19.jpg
princeton_EXKA_Ptolemy_1525a_Page_20.jpg
princeton_EXKA_Ptolemy_1525a_Page_21.jpg
princeton_EXKA_Ptolemy_1525a_Page_22.jpg
princeton_EXKA_Ptolemy_1525a_Page_23.jpg
princeton_EXKA_Ptolemy_1525a_Page_24.jpg
princeton_EXKA_Ptolemy_1525a_Page_25.jpg
princeton_EXKA_Ptolemy_1525a_Page_26.jpg
princeton_EXKA_Ptolemy_1525a_Page_27.jpg
princeton_EXKA_Ptolemy_1525a_Page_28.jpg
princeton_EXKA_Ptolemy_1525a_Page_29.jpg
princeton_EXKA_Ptolemy_1525a_Page_30.jpg
princeton_EXKA_Ptolemy_1525a_Page_31.jpg
princeton_EXKA_Ptolemy_1525a_Page_32.jpg
princeton_EXKA_Ptolemy_1525a_Page_33.jpg
princeton_EXKA_Ptolemy_1525a_Page_34.jpg
princeton_EXKA_Ptolemy_1525a_Page_35.jpg
princeton_EXKA_Ptolemy_1525a_Page_36.jpg
princeton_EXKA_Ptolemy_1525a_Page_37.jpg
princeton_EXKA_Ptolemy_1525a_Page_38.jpg
princeton_EXKA_Ptolemy_1525a_Page_39.jpg
princeton_EXKA_Ptolemy_1525a_Page_40.jpg
princeton_EXKA_Ptolemy_1525a_Page_41.jpg
princeton_EXKA_Ptolemy_1525a_Page_42.jpg
princeton_EXKA_Ptolemy_1525a_Page_43.jpg
princeton_EXKA_Ptolemy_1525a_Page_44.jpg
princeton_EXKA_Ptolemy_1525a_Page_45.jpg
princeton_EXKA_Ptolemy_1525a_Page_46.jpg
princeton_N002040_Page_08.jpg
princeton_N002040_Page_20.jpg
princeton_N002040_Page_26.jpg
princeton_N002040_Page_29.jpg
princeton_N002040_Page_31.jpg
princeton_N002040_Page_34.jpg
princeton_N002040_Page_35.jpg
princeton_N002040_Page_40.jpg
princeton_N002040_Page_80.jpg
princeton_PA4018_A31_M52_1541q_Page_01.jpg
princeton_PA4018_A31_M52_1541q_Page_02.jpg
princeton_PA4018_A31_M52_1541q_Page_03.jpg
princeton_PA4018_A31_M52_1541q_Page_04.jpg
princeton_PA4018_A31_M52_1541q_Page_05.jpg
princeton_PA4018_A31_M52_1541q_Page_06.jpg
princeton_PA4018_A31_M52_1541q_Page_07.jpg
princeton_PA4018_A31_M52_1541q_Page_08.jpg
princeton_PA4018_A31_M52_1541q_Page_09.jpg
princeton_PA4018_A31_M52_1541q_Page_10.jpg
princeton_PA4018_A31_M52_1541q_Page_11.jpg
princeton_PA4018_A31_M52_1541q_Page_12.jpg
princeton_PA4018_A31_M52_1541q_Page_13.jpg
princeton_PA4018_A31_M52_1541q_Page_14.jpg
princeton_PA4018_A31_M52_1541q_Page_15.jpg
princeton_PA4018_A31_M52_1541q_Page_16.jpg
princeton_PA4018_A31_M52_1541q_Page_17.jpg
princeton_PA4018_A31_M52_1541q_Page_18.jpg
princeton_PA4018_A31_M52_1541q_Page_19.jpg
princeton_PA4018_A31_M52_1541q_Page_20.jpg
princeton_PA4018_A31_M52_1541q_Page_21.jpg
princeton_PA4018_A31_M52_1541q_Page_22.jpg
princeton_PA4018_A31_M52_1541q_Page_23.jpg
princeton_PA4018_A31_M52_1541q_Page_24.jpg
princeton_PA4018_A31_M52_1541q_Page_25.jpg
princeton_PA4018_A31_M52_1541q_Page_26.jpg
princeton_PA4018_A31_M52_1541q_Page_27.jpg
princeton_PA4018_A31_M52_1541q_Page_28.jpg
princeton_PA4018_A31_M52_1541q_Page_29.jpg
princeton_PA4018_A31_M52_1541q_Page_30.jpg
princeton_PA4018_A31_M52_1541q_Page_31.jpg
princeton_PA4018_A31_M52_1541q_Page_33.jpg
princeton_PA4018_A31_M52_1541q_Page_34.jpg
princeton_PA4018_A31_M52_1541q_Page_35.jpg
princeton_PA4018_A31_M52_1541q_Page_36.jpg
princeton_PA4018_A31_M52_1541q_Page_37.jpg
princeton_PA4018_A31_M52_1541q_Page_38.jpg
princeton_PA4018_A31_M52_1541q_Page_39.jpg
princeton_PA4018_A31_M52_1541q_Page_40.jpg
princeton_PA4018_A31_M52_1541q_Page_41.jpg
princeton_PA4018_A31_M52_1541q_Page_42.jpg
princeton_PA4018_A31_M52_1541q_Page_43.jpg
princeton_PA4018_A31_M52_1541q_Page_44.jpg
princeton_PA4018_A31_M52_1541q_Page_45.jpg
princeton_PA4018_A31_M52_1541q_Page_46.jpg
princeton_PA4018_A31_M52_1541q_Page_47.jpg
princeton_PA4018_A31_M52_1541q_Page_48.jpg
princeton_PA4018_A31_M52_1541q_Page_49.jpg
princeton_PA4018_A31_M52_1541q_Page_50.jpg
princeton_PA4018_A31_M52_1541q_Page_51.jpg
princeton_PA4018_A31_M52_1541q_Page_52.jpg
princeton_PA4018_A31_M52_1541q_Page_53.jpg
princeton_alphabetum_arabicum_-20091438N_Page_02.jpg
princeton_alphabetum_arabicum_-20091438N_Page_07.jpg
princeton_alphabetum_arabicum_-20091438N_Page_55.jpg
princeton_alphabetum_arabicum_-20091438N_Page_56.jpg
princeton_alphabetum_arabicum_-20091438N_Page_57.jpg
princeton_alphabetum_arabicum_-20091438N_Page_59.jpg
princeton_alphabetum_arabicum_-20091438N_Page_60.jpg
princeton_alphabetum_arabicum_-20091438N_Page_73.jpg
princeton_clarisa_history_younglady_vol1_Page_01.jpg
princeton_clarisa_history_younglady_vol1_Page_03.jpg
princeton_clarisa_history_younglady_vol1_Page_04.jpg
princeton_clarisa_history_younglady_vol1_Page_05.jpg
princeton_clarisa_history_younglady_vol1_Page_07.jpg
princeton_clarisa_history_younglady_vol1_Page_08.jpg
princeton_clarisa_history_younglady_vol1_Page_09.jpg
princeton_clarisa_history_younglady_vol1_Page_10.jpg
princeton_clarisa_history_younglady_vol1_Page_11.jpg
princeton_clarisa_history_younglady_vol1_Page_12.jpg
princeton_clarisa_history_younglady_vol1_Page_13.jpg
princeton_clarisa_history_younglady_vol1_Page_14.jpg
princeton_clarisa_history_younglady_vol1_Page_15.jpg
sammlungen_Theol_ev_pol_909_Page_02.jpg
sammlungen_Theol_ev_pol_909_Page_04.jpg
sammlungen_Theol_ev_pol_909_Page_05.jpg
sammlungen_Theol_ev_pol_909_Page_09.jpg
sammlungen_Theol_ev_pol_909_Page_10.jpg
sammlungen_Theol_ev_pol_909_Page_11.jpg
sammlungen_Theol_ev_pol_909_Page_12.jpg
sammlungen_Theol_ev_pol_909_Page_13.jpg
sammlungen_Theol_ev_pol_909_Page_14.jpg
sammlungen_Theol_ev_pol_909_Page_16.jpg
sammlungen_Theol_ev_pol_909_Page_17.jpg
sammlungen_Theol_ev_pol_909_Page_18.jpg
sammlungen_Theol_ev_pol_909_Page_19.jpg
sammlungen_Theol_ev_pol_909_Page_20.jpg
sammlungen_Theol_ev_pol_909_Page_21.jpg
sammlungen_Theol_ev_pol_909_Page_22.jpg
sammlungen_Theol_ev_pol_909_Page_23.jpg
sammlungen_Theol_ev_pol_909_Page_24.jpg
sammlungen_Theol_ev_pol_909_Page_25.jpg
sammlungen_Theol_ev_pol_909_Page_26.jpg
sammlungen_Theol_ev_pol_909_Page_27.jpg
sammlungen_Theol_ev_pol_909_Page_28.jpg
sammlungen_Theol_ev_pol_909_Page_29.jpg
sammlungen_Theol_ev_pol_909_Page_30.jpg
sammlungen_Theol_ev_pol_909_Page_31.jpg
sammlungen_Theol_ev_pol_909_Page_33.jpg
sammlungen_Theol_ev_pol_909_Page_34.jpg
sammlungen_Theol_ev_pol_909_Page_35.jpg
sammlungen_Theol_ev_pol_909_Page_36.jpg
sammlungen_Theol_ev_pol_909_Page_37.jpg
sammlungen_Theol_ev_pol_909_Page_39.jpg
sammlungen_Theol_ev_pol_909_Page_41.jpg
sammlungen_Theol_ev_pol_909_Page_42.jpg
sammlungen_Theol_ev_pol_909_Page_43.jpg
sammlungen_Theol_ev_pol_909_Page_44.jpg
sammlungen_Theol_ev_pol_909_Page_45.jpg
sammlungen_Theol_ev_pol_909_Page_47.jpg
sammlungen_Theol_ev_pol_909_Page_48.jpg
sammlungen_Theol_ev_pol_909_Page_50.jpg
sammlungen_Theol_ev_pol_909_Page_51.jpg
sammlungen_Theol_ev_pol_909_Page_53.jpg
sammlungen_Theol_ev_pol_909_Page_54.jpg
sammlungen_Theol_ev_pol_909_Page_58.jpg
sammlungen_Theol_ev_pol_909_Page_59.jpg
sammlungen_Theol_ev_pol_909_Page_60.jpg
sammlungen_Theol_ev_pol_909_Page_61.jpg
sammlungen_Theol_ev_pol_909_Page_62.jpg
sammlungen_Theol_ev_pol_909_Page_63.jpg
sammlungen_Theol_ev_pol_909_Page_64.jpg
sammlungen_Theol_ev_pol_909_Page_65.jpg
sammlungen_Theol_ev_pol_909_Page_66.jpg
sammlungen_Theol_ev_pol_909_Page_67.jpg
sammlungen_Theol_ev_pol_909_Page_68.jpg
sammlungen_Theol_ev_pol_909_Page_70.jpg
sammlungen_Theol_ev_pol_909_Page_71.jpg
sammlungen_Theol_ev_pol_909_Page_72.jpg
sammlungen_Theol_ev_pol_909_Page_74.jpg
sammlungen_Theol_ev_pol_909_Page_75.jpg
sammlungen_Theol_ev_pol_909_Page_76.jpg
sammlungen_Theol_ev_pol_909_Page_77.jpg
sammlungen_Theol_ev_pol_909_Page_79.jpg
sammlungen_Theol_ev_pol_909_Page_80.jpg
sammlungen_Theol_ev_pol_909_Page_82.jpg
sammlungen_Theol_ev_pol_909_Page_83.jpg
sammlungen_Theol_ev_pol_909_Page_84.jpg
sammlungen_Theol_ev_pol_909_Page_85.jpg
sammlungen_Theol_ev_pol_909_Page_86.jpg
sammlungen_Theol_ev_pol_909_Page_88.jpg
sammlungen_abrahami_4_A_3813_Page_264.jpg
sammlungen_abrahami_4_A_3813_Page_265.jpg
sammlungen_abrahami_4_A_3813_Page_266.jpg
sammlungen_abrahami_4_A_3813_Page_267.jpg
sammlungen_abrahami_4_A_3813_Page_268.jpg
sammlungen_abrahami_4_A_3813_Page_269.jpg
sammlungen_abrahami_4_A_3813_Page_270.jpg
sammlungen_abrahami_4_A_3813_Page_271.jpg
sammlungen_abrahami_4_A_3813_Page_272.jpg
sammlungen_abrahami_4_A_3813_Page_273.jpg
sammlungen_abrahami_4_A_3813_Page_274.jpg
sammlungen_abrahami_4_A_3813_Page_275.jpg
sammlungen_abrahami_4_A_3813_Page_276.jpg
sammlungen_abrahami_4_A_3813_Page_277.jpg
sammlungen_abrahami_4_A_3813_Page_278.jpg
sammlungen_abrahami_4_A_3813_Page_279.jpg
sammlungen_abrahami_4_A_3813_Page_280.jpg
sammlungen_abrahami_Theol_ev_asc_700_t_Page_001.jpg
sammlungen_abrahami_Theol_ev_asc_700_t_Page_010.jpg
sammlungen_abrahami_Theol_ev_asc_700_t_Page_011.jpg
sammlungen_abrahami_Theol_ev_asc_700_t_Page_042.jpg
sammlungen_abrahami_Theol_ev_asc_700_t_Page_043.jpg
sammlungen_abrahami_Theol_ev_asc_700_t_Page_045.jpg
sammlungen_abrahami_Theol_ev_asc_700_t_Page_059.jpg
sammlungen_abrahami_Theol_ev_asc_700_t_Page_060.jpg
sammlungen_abrahami_Theol_ev_asc_700_t_Page_061.jpg
sammlungen_abrahami_Theol_ev_asc_700_t_Page_062.jpg
sammlungen_abrahami_Theol_ev_asc_700_t_Page_063.jpg
sammlungen_abrahami_Theol_ev_asc_700_t_Page_064.jpg
sammlungen_abrahami_Theol_ev_asc_700_t_Page_065.jpg
sammlungen_abrahami_Theol_ev_asc_700_t_Page_066.jpg
sammlungen_abrahami_Theol_ev_asc_700_t_Page_067.jpg
sammlungen_abrahami_Theol_ev_asc_700_t_Page_068.jpg
sammlungen_abrahami_Theol_ev_asc_700_t_Page_070.jpg
sammlungen_abrahami_Theol_ev_asc_700_t_Page_071.jpg
sammlungen_abrahami_Theol_ev_asc_700_t_Page_072.jpg
sammlungen_abrahami_Theol_ev_asc_700_t_Page_073.jpg
sammlungen_abrahami_Theol_ev_asc_700_t_Page_075.jpg
sammlungen_abrahami_Theol_ev_asc_700_t_Page_089.jpg
sammlungen_abrahami_Theol_ev_asc_700_t_Page_090.jpg
sammlungen_abrahami_Theol_ev_asc_700_t_Page_104.jpg
sammlungen_abrahami_Theol_ev_asc_700_t_Page_110.jpg
satyrae_IV_Page_01.jpg
satyrae_IV_Page_02.jpg
satyrae_IV_Page_03.jpg
satyrae_IV_Page_04.jpg
satyrae_IV_Page_05.jpg
satyrae_IV_Page_06.jpg
satyrae_IV_Page_07.jpg
satyrae_IV_Page_08.jpg
satyrae_IV_Page_09.jpg
satyrae_IV_Page_10.jpg
satyrae_IV_Page_11.jpg
satyrae_IV_Page_12.jpg
satyrae_IV_Page_13.jpg
satyrae_IV_Page_14.jpg
satyrae_IV_Page_15.jpg
satyrae_IV_Page_16.jpg
satyrae_IV_Page_17.jpg
satyrae_IV_Page_18.jpg
satyrae_IV_Page_19.jpg
satyrae_IV_Page_20.jpg
satyrae_IV_Page_21.jpg
satyrae_IV_Page_22.jpg
satyrae_IV_Page_23.jpg
uclaclark_AY751L151710_0002.jpg
uclaclark_AY751L151710_0005.jpg
uclaclark_AY751L151710_0019.jpg
uclaclark_AY751L151710_0023.jpg
uclaclark_AY751L151710_0059.jpg
uclaclark_AY751L151710_0060.jpg
uclaclark_AY751R521684_0008.jpg
uclaclark_AY751R521684_0013.jpg
uclaclark_AY751R521684_0026.jpg
uclaclark_AY751R521684_0077.jpg
uclaclark_AY751R521684_0146.jpg
uclaclark_AY751R521701_0016.jpg
uclaclark_AY751R521701_0046.jpg
uclaclark_AY751R521701_0102.jpg
uclaclark_AY751R521701_0116.jpg
uclaclark_AY751R521701_0117.jpg
uclaclark_AY761E221747_0005.jpg
uclaclark_AY761E221747_0010.jpg
uclaclark_AY761E221747_0051.jpg
uclaclark_AY761E221747_0063.jpg
uclaclark_AY761E221747_0066.jpg
uclaclark_AY761E221747_0080.jpg
uclaclark_AY761E221747_0096.jpg
uclaclark_AY761E221747_0107.jpg
uclaclark_AY761E221747_0109.jpg
uclaclark_B1222A3L1670_0002.jpg
uclaclark_B1222A3L1670_0003.jpg
uclaclark_B1222A3L1670_0018.jpg
uclaclark_B1222A3L1670_0067.jpg
uclaclark_B1222A3L1670_0087.jpg
uclaclark_B1222A3L1670_0136.jpg
uclaclark_B1222A3L1670_0167.jpg
uclaclark_B1222A3L1670_0371.jpg
uclaclark_B1222C59_0014.jpg
uclaclark_B1222C59_0084.jpg
uclaclark_B1222C59_0222.jpg
uclaclark_B1222C59_0339.jpg
uclaclark_B1246A11679_0005.jpg
uclaclark_B1246A11679_0010.jpg
uclaclark_B1246A11679_0012.jpg
uclaclark_B1246A11679_0018.jpg
uclaclark_B1246A11679_0020.jpg
uclaclark_BF1565A24c1661_0007.jpg
uclaclark_BF1565A24c1661_0011.jpg
uclaclark_BF1565A24c1661_0025.jpg
uclaclark_BF1565A24c1661_0061.jpg
uclaclark_BF1565A24c1661_0075.jpg
uclaclark_BF1565A24c1661_0102.jpg
uclaclark_BF1565A24c1661_0103.jpg
uclaclark_BF1565A24c1661_0112.jpg
uclaclark_BF1565A24c1661_0120.jpg
uclaclark_BF1565A24c1661_0121.jpg
uclaclark_BF1575C14_0022.jpg
uclaclark_BF1575C14_0028.jpg
uclaclark_BF1575C14_0033.jpg
uclaclark_BF1575C14_0052.jpg
uclaclark_BF1575C14_0063.jpg
uclaclark_BF1575C14_0093.jpg
uclaclark_BF1575C14_0137.jpg
uclaclark_BF1630T48C5_0003.jpg
uclaclark_BF1630T48C5_0004.jpg
uclaclark_BF1630T48C5_0005.jpg
uclaclark_BF1630T48C5_0019.jpg
uclaclark_BF1630T48C5_0028.jpg
uclaclark_BF1630T48C5_0049.jpg
uclaclark_BF1630T48C5_0060.jpg
uclaclark_BF1630T48C5_0112.jpg
uclaclark_BF1630T48C5_0146.jpg
uclaclark_BF1630V36A6_0007.jpg
uclaclark_BF1630V36A6_0035.jpg
uclaclark_BF1630V36A6_0064.jpg
uclaclark_BF1630V36A6_0116.jpg
uclaclark_BF1630V36A6_0123.jpg
uclaclark_BF1630V36A6_0151.jpg
uclaclark_BF1630V36A9_0027.jpg
uclaclark_BF1681A641709_0003.jpg
uclaclark_BF1681A641709_0008.jpg
uclaclark_BF1681A641709_0017.jpg
uclaclark_BF1681A641709_0025.jpg
uclaclark_BF1681A641709_0039.jpg
uclaclark_BF1681A641709_0069.jpg
uclaclark_BF1681A641709_0088.jpg
uclaclark_BF1681A641709_0089.jpg
uclaclark_BF1681A641709_0102.jpg
uclaclark_BF1681A641709_0103.jpg
uclaclark_BF1681R541663_0017.jpg
uclaclark_BF1681R541663_0021.jpg
uclaclark_BF1681R541663_0022.jpg
uclaclark_BF1681R541663_0046.jpg
uclaclark_BF1715V11_0020.jpg
uclaclark_BF1715V11_0055.jpg
uclaclark_BF1715V11_0069.jpg
uclaclark_BF1715V11_0083.jpg
uclaclark_BF1715V11_0203.jpg
uclaclark_BF825H87E1594a_0023.jpg
uclaclark_BF825H87E1594a_0062.jpg
uclaclark_BF825H87E1594a_0067.jpg
uclaclark_BF825H87E1594a_0080.jpg
uclaclark_BF825H87E1594a_0132.jpg
uclaclark_BF825H87E1594a_0167.jpg
uclaclark_BF825H87E1594a_0184.jpg
uclaclark_BF825H87E1594a_0232.jpg
uclaclark_BF825H87E1594a_0355.jpg
uclaclark_BF825H87E1594a_0356.jpg
uclaclark_BH181H31_0011.jpg
uclaclark_BH181H31_0025.jpg
uclaclark_BH181H31_0034.jpg
uclaclark_BH181H31_0048.jpg
uclaclark_BH181H31_0059.jpg
uclaclark_BH181H31_0064.jpg
uclaclark_BH181H31_0107.jpg
uclaclark_BH181H31_0117.jpg
uclaclark_BH181H31_0131.jpg
uclaclark_BH181H31_0171.jpg
uclaclark_BH181H31_0205.jpg
uclaclark_BH181H31_0217.jpg
uclaclark_BH181H31_0219.jpg
uclaclark_BH181H31_0257.jpg
uclaclark_BJ1561B661767_0022.jpg
uclaclark_BJ1561B661767_0026.jpg
uclaclark_BJ1561B661767_0034.jpg
uclaclark_BJ1561B661767_0293.jpg
uclaclark_BR332C61577_0002.jpg
uclaclark_BR332C61577_0006.jpg
uclaclark_BR332C61577_0021.jpg
uclaclark_BR332C61577_0069.jpg
uclaclark_BR332C61577_0110.jpg
uclaclark_BR332C61577_0187.jpg
uclaclark_BR332C61577_0229.jpg
uclaclark_BR332C61577_0300.jpg
uclaclark_BR332C61577_0322.jpg
uclaclark_BR65C62C71677_0002.jpg
uclaclark_BR65C62C71677_0006.jpg
uclaclark_BR65C62C71677_0007.jpg
uclaclark_BR65C62C71677_0044.jpg
uclaclark_BR65C62C71677_0050.jpg
uclaclark_BR65C62C71677_0054.jpg
uclaclark_BR65C62C71677_0072.jpg
uclaclark_BR65C62C71677_0084.jpg
uclaclark_BR65C62C71677_0185.jpg
uclaclark_BR65C62C71677_0262.jpg
uclaclark_BR65C62C71677_0264.jpg
uclaclark_BS1235B32_0019.jpg
uclaclark_BS1235B32_0031.jpg
uclaclark_BS1235B32_0034.jpg
uclaclark_BS1235B32_0122.jpg
uclaclark_BS20701586L84_0021.jpg
uclaclark_BS20701586L84_0036.jpg
uclaclark_BS20701586L84_0055.jpg
uclaclark_BS20701586L84_0070.jpg
uclaclark_BS20701586L84_0120.jpg
uclaclark_BS20701586L84_0180.jpg
uclaclark_BS20701586L84_0243.jpg
uclaclark_BS20701586L84_0305.jpg
uclaclark_BS20701586L84_0375.jpg
uclaclark_BS20701586L84_0415.jpg
uclaclark_BS20701586L84_0417.jpg
uclaclark_BS20701586L84_0444.jpg
uclaclark_BS20701586L84_0461.jpg
uclaclark_BS20701586L84_0498.jpg
uclaclark_BS2485A62_0021.jpg
uclaclark_BS2485A62_0022.jpg
uclaclark_BS2485A62_0025.jpg
uclaclark_BS2485A62_0035.jpg
uclaclark_BS2485A62_0189.jpg
uclaclark_BS2485A62_0243.jpg
uclaclark_BT760M24E1695_0014.jpg
uclaclark_BT760M24E1695_0021.jpg
uclaclark_BT760M24E1695_0136.jpg
uclaclark_BT760M24E1695_0138.jpg
uclaclark_BT760M24E1695_0201.jpg
uclaclark_BT760M24E1695_0214.jpg
uclaclark_BT760M24E1695_0237.jpg
uclaclark_BV30L11_0005.jpg
uclaclark_BV30L11_0006.jpg
uclaclark_BV30L11_0009.jpg
uclaclark_BV30L11_0011.jpg
uclaclark_BV30L11_0014.jpg
uclaclark_BV30L11_0051.jpg
uclaclark_BV30L11_0053.jpg
uclaclark_BV30L11_0064.jpg
uclaclark_BV30L11_0086.jpg
uclaclark_BV30L11_0091.jpg
uclaclark_BV30L11_0112.jpg
uclaclark_BV30L11_0130.jpg
uclaclark_BV30L11_0181.jpg
uclaclark_BV30L11_0222.jpg
uclaclark_BV30L11_0225.jpg
uclaclark_BX1750K72m1634_0005.jpg
uclaclark_BX1750K72m1634_0078.jpg
uclaclark_BX1750K72m1634_0143.jpg
uclaclark_BX1750K72m1634_0175.jpg
uclaclark_BX1750K72m1634_0187.jpg
uclaclark_BX1750K72m1634_0201.jpg
uclaclark_BX1750K72m1634_0240.jpg
uclaclark_BX1750K72m1634_0271.jpg
uclaclark_BX1750K72m1634_0276.jpg
uclaclark_BX5072A5B21605_0027.jpg
uclaclark_BX5072A5B21605_0028.jpg
uclaclark_BX5072A5B21605_0029.jpg
uclaclark_BX5072A5B21605_0107.jpg
uclaclark_BX5072A5B21605_0116.jpg
uclaclark_BX5133H671717_0007.jpg
uclaclark_BX5133H671717_0008.jpg
uclaclark_BX5133H671717_0009.jpg
uclaclark_BX5133H671717_0089.jpg
uclaclark_BX5133H671717_0090.jpg
uclaclark_BX5133H671717_0094.jpg
uclaclark_BX5133H671717_0100.jpg
uclaclark_BX5133H671717_0102.jpg
uclaclark_BX5133H671717_0726.jpg
uclaclark_BX5133H671717_0860.jpg
uclaclark_BX5137V45_0002.jpg
uclaclark_BX5137V45_0004.jpg
uclaclark_BX5137V45_0006.jpg
uclaclark_BX5137V45_0026.jpg
uclaclark_BX5137V45_0040.jpg
uclaclark_BX5137V45_0049.jpg
uclaclark_BX5137V45_0054.jpg
uclaclark_BX5137V45_0076.jpg
uclaclark_BX5137V45_0082.jpg
uclaclark_BX5137V45_0121.jpg
uclaclark_BX5137V45_0216.jpg
uclaclark_BX5137V45_0226.jpg
uclaclark_BX5137V45_0227.jpg
uclaclark_BX5137V45_0362.jpg
uclaclark_BX5137W441738_0002.jpg
uclaclark_BX5137W441738_0018.jpg
uclaclark_BX5137W441738_0023.jpg
uclaclark_BX5137W441738_0031.jpg
uclaclark_BX5137W441738_0089.jpg
uclaclark_BX5137W441738_0099.jpg
uclaclark_BX5137W441738_0154.jpg
uclaclark_BX5137W441738_0201.jpg
uclaclark_BX5151C631684-1_0002.jpg
uclaclark_BX5151C631684-1_0005.jpg
uclaclark_BX5151C631684-1_0040.jpg
uclaclark_BX5151C631684-1_0097.jpg
uclaclark_BX5151C631684-1_0113.jpg
uclaclark_BX5151C631684-1_0130.jpg
uclaclark_BX5151C631684-1_0352.jpg
uclaclark_BX5151C631684-1_0442.jpg
uclaclark_BX5151C631684-1_0530.jpg
uclaclark_BX5151C631684-2_0030.jpg
uclaclark_BX5151C631684-2_0046.jpg
uclaclark_BX5151C631684-2_0063.jpg
uclaclark_BX5151C631684-2_0114.jpg
uclaclark_BX5151C631684-2_0208.jpg
uclaclark_BX5151C631684-2_0230.jpg
uclaclark_BX5201C19_0079.jpg
uclaclark_BX5201C19_0110.jpg
uclaclark_BX9424B38M21572_0004.jpg
uclaclark_BX9424B38M21572_0005.jpg
uclaclark_BX9424B38M21572_0006.jpg
uclaclark_BX9424B38M21572_0007.jpg
uclaclark_BX9424B38M21572_0009.jpg
uclaclark_BX9424B38M21572_0017.jpg
uclaclark_BX9424B38M21572_0019.jpg
uclaclark_BX9424B38M21572_0025.jpg
uclaclark_BX9424B38M21572_0053.jpg
uclaclark_BZA195L1641_0007.jpg
uclaclark_BZA195L1641_0080.jpg
uclaclark_BZA195L1641_0088.jpg
uclaclark_BZA195L1641_0157.jpg
uclaclark_BZA195L1641_0189.jpg
uclaclark_BZA195L1641_0219.jpg
uclaclark_BZA195L1641_0240.jpg
uclaclark_BZA195L1641_0246.jpg
uclaclark_BZA195L1641_0307.jpg
uclaclark_BZA195L1641_0369.jpg
uclaclark_BZA195L1641_0416.jpg
uclaclark_BZA195L1641_0579.jpg
uclaclark_BZA195L1641_0634.jpg
uclaclark_BZA195L1641_1041.jpg
uclaclark_BZA195L1641_1106.jpg
uclaclark_BZB187a1642_0005.jpg
uclaclark_BZH263c1565_0005.jpg
uclaclark_BZH263c1565_0052.jpg
uclaclark_BZH263c1565_0111.jpg
uclaclark_BZH263c1565_0467.jpg
uclaclark_BZL966o_0004.jpg
uclaclark_BZL966o_0008.jpg
uclaclark_BZL966o_0029.jpg
uclaclark_BZL966o_0036.jpg
uclaclark_BZL966o_0085.jpg
uclaclark_BZL966o_0146.jpg
uclaclark_BZL966o_0177.jpg
uclaclark_BZL966o_0222.jpg
uclaclark_BZL966o_0229.jpg
uclaclark_BZM863s1690_0005.jpg
uclaclark_BZM863s1690_0007.jpg
uclaclark_BZM863s1690_0016.jpg
uclaclark_BZM863s1690_0025.jpg
uclaclark_BZM863s1690_0111.jpg
uclaclark_BZN629p1678_0027.jpg
uclaclark_BZN629p1678_0029.jpg
uclaclark_BZN629p1678_0072.jpg
uclaclark_BZN629p1678_0085.jpg
uclaclark_BZN629p1678_0121.jpg
uclaclark_BZN629p1678_0133.jpg
uclaclark_BZN629p1678_0181.jpg
uclaclark_BZN629p1678_0188.jpg
uclaclark_BZN629p1678_0224.jpg
uclaclark_BZN629p1678_0233.jpg
uclaclark_BZO97vi1655_0002.jpg
uclaclark_BZO97vi1655_0003.jpg
uclaclark_BZO97vi1655_0006.jpg
uclaclark_BZO97vi1655_0011.jpg
uclaclark_BZO97vi1655_0024.jpg
uclaclark_BZO97vi1655_0028.jpg
uclaclark_BZO97vi1655_0046.jpg
uclaclark_BZO97vi1655_0797.jpg
uclaclark_BZP111_0017.jpg
uclaclark_BZP111_0048.jpg
uclaclark_BZP111_0062.jpg
uclaclark_BZP111_0063.jpg
uclaclark_BZP111_0066.jpg
uclaclark_BZW5325h1658_0023.jpg
uclaclark_BZW5325h1658_0025.jpg
uclaclark_BZW5325h1658_0034.jpg
uclaclark_BZW5325h1658_0040.jpg
uclaclark_BZW5325h1658_0081.jpg
uclaclark_BZW5325h1658_0105.jpg
uclaclark_BZW5325h1658_0142.jpg
uclaclark_BZW5325h1658_0149.jpg
uclaclark_BZW864a1660_0013.jpg
uclaclark_BZW864a1660_0023.jpg
uclaclark_BZW864a1660_0099.jpg
uclaclark_BZW864a1660_0316.jpg
uclaclark_BZW864a1660_0414.jpg
uclaclark_BZW864a1660_0439.jpg
uclaclark_BZW864a1660_0659.jpg
uclaclark_BZW864a1660_0810.jpg
uclaclark_BZW864a1660_0901.jpg
uclaclark_BZW864a1660_0917.jpg
uclaclark_CE10B571669_0046.jpg
uclaclark_CE10B571669_0114.jpg
uclaclark_CE10B571669_0133.jpg
uclaclark_CR13G25_0007.jpg
uclaclark_CR13G25_0016.jpg
uclaclark_CR13G25_0030.jpg
uclaclark_CR13G25_0055.jpg
uclaclark_CR13G25_0092.jpg
uclaclark_CR13G25_0101.jpg
uclaclark_CR13G25_0236.jpg
uclaclark_CR13G25_0361.jpg
uclaclark_CR13G25_0389.jpg
uclaclark_CR13G25_0459.jpg
uclaclark_CS412W25_0075.jpg
uclaclark_CS412W25_0132.jpg
uclaclark_CS412W25_0171.jpg
uclaclark_CS412W25_0175.jpg
uclaclark_CS412W25_0215.jpg
uclaclark_CS412W25_0259.jpg
uclaclark_CS412W25_0335.jpg
uclaclark_CS412W25_0359.jpg
uclaclark_Chrzanowski1515s_0008.jpg
uclaclark_Chrzanowski1515s_0014.jpg
uclaclark_Chrzanowski1515s_0017.jpg
uclaclark_Chrzanowski1515s_0044.jpg
uclaclark_Chrzanowski1515s_0059.jpg
uclaclark_Chrzanowski1515s_0070.jpg
uclaclark_Chrzanowski1515s_0131.jpg
uclaclark_Chrzanowski1515s_0145.jpg
uclaclark_Chrzanowski1515s_0164.jpg
uclaclark_Chrzanowski1515s_0333.jpg
uclaclark_Chrzanowski1573a_0027.jpg
uclaclark_Chrzanowski1573a_0031.jpg
uclaclark_Chrzanowski1573a_0033.jpg
uclaclark_Chrzanowski1573a_0035.jpg
uclaclark_Chrzanowski1573a_0039.jpg
uclaclark_Chrzanowski1573a_0041.jpg
uclaclark_Chrzanowski1573a_0042.jpg
uclaclark_Chrzanowski1573a_0043.jpg
uclaclark_Chrzanowski1573a_0045.jpg
uclaclark_Chrzanowski1573a_0154.jpg
uclaclark_D18P941650_0003.jpg
uclaclark_D18P941650_0016.jpg
uclaclark_D18P941650_0144.jpg
uclaclark_D18P941650_0170.jpg
uclaclark_D18P941650_0171.jpg
uclaclark_D18P941650_0238.jpg
uclaclark_D18P941650_0297.jpg
uclaclark_D18P941650_0411.jpg
uclaclark_D18P941650_0425.jpg
uclaclark_D18P94_0005.jpg
uclaclark_D18P94_0016.jpg
uclaclark_D18P94_0030.jpg
uclaclark_D18P94_0099.jpg
uclaclark_D18P94_0122.jpg
uclaclark_D18P94_0149.jpg
uclaclark_D18P94_0170.jpg
uclaclark_D18P94_0188.jpg
uclaclark_D18P94_0233.jpg
uclaclark_D18P94_0349.jpg
uclaclark_DA140G341517_0044.jpg
uclaclark_DA140G341517_0048.jpg
uclaclark_DA140G341517_0067.jpg
uclaclark_DA140G341517_0084.jpg
uclaclark_DA140G341517_0096.jpg
uclaclark_DA140G341517_0141.jpg
uclaclark_DA140G341517_0146.jpg
uclaclark_DA140G341517_0159.jpg
uclaclark_DA140G341517_0164.jpg
uclaclark_DA140G341517_0225.jpg
uclaclark_DA30H611709_0027.jpg
uclaclark_DA30H611709_0035.jpg
uclaclark_DA30H611709_0047.jpg
uclaclark_DA30H611709_0062.jpg
uclaclark_DA30H611709_0063.jpg
uclaclark_DA30H611709_0085.jpg
uclaclark_DA30H611709_0094.jpg
uclaclark_DA30H611709_0141.jpg
uclaclark_DA30H611709_0170.jpg
uclaclark_DA30H611709_0186.jpg
uclaclark_DA30H611709_0200.jpg
uclaclark_DA30H611709_0296.jpg
uclaclark_DA30H611709_0398.jpg
uclaclark_DA30H6171680cop2_0021.jpg
uclaclark_DA30H6171680cop2_0095.jpg
uclaclark_DA30H6171680cop2_0099.jpg
uclaclark_DA30H6171680cop2_0109.jpg
uclaclark_DA30H6171680cop2_0187.jpg
uclaclark_DA30H6171680cop2_0618.jpg
uclaclark_DA30H6171680cop3-1_0095.jpg
uclaclark_DA30H6171680cop3-1_0135.jpg
uclaclark_DA30H6171680cop3-1_0455.jpg
uclaclark_DA30H6171680cop3-1_0461.jpg
uclaclark_DA30H6171680cop3-1_0462.jpg
uclaclark_DA30H6171680cop3-1_0555.jpg
uclaclark_DA30H6171680cop3-1_0569.jpg
uclaclark_DA30H6171680cop3-1_0606.jpg
uclaclark_DA30H6171680cop3-2_0199.jpg
uclaclark_DA30H6171680cop3-2_0221.jpg
uclaclark_DA30H6171680cop3-2_0420.jpg
uclaclark_DA385S421659cop2_0020.jpg
uclaclark_DA385S421659cop2_0021.jpg
uclaclark_DA385S421659cop2_0024.jpg
uclaclark_DA385S421659cop2_0025.jpg
uclaclark_DA396A2S2_0017.jpg
uclaclark_DA396A2S2_0018.jpg
uclaclark_DA396A2S2_0019.jpg
uclaclark_DA396A2S2_0197.jpg
uclaclark_DA396A2S2_0312.jpg
uclaclark_DA396A2S2_0724.jpg
uclaclark_DA396A2S2_0737.jpg
uclaclark_DA396A2S2_0770.jpg
uclaclark_DA396A2S2_0925.jpg
uclaclark_DA396A4C4_0010.jpg
uclaclark_DA396A4C4_0011.jpg
uclaclark_DA396A4C4_0014.jpg
uclaclark_DA396A4C4_0018.jpg
uclaclark_DA396A4C4_0024.jpg
uclaclark_DA396A4C4_0025.jpg
uclaclark_DA396A4C4_0027.jpg
uclaclark_DA396A4C4_0031.jpg
uclaclark_DA396A4C4_0036.jpg
uclaclark_DA396A4C4_0037.jpg
uclaclark_DA3981641G75s_0003.jpg
uclaclark_DA3981641G75s_0007.jpg
uclaclark_DA3981641G75s_0062.jpg
uclaclark_DA3981641G75s_0063.jpg
uclaclark_DA3981641G75s_0239.jpg
uclaclark_DA3981641G75s_0284.jpg
uclaclark_DA3981641G75s_0429.jpg
uclaclark_DA3981641G75s_0455.jpg
uclaclark_DA3981641G75s_0465.jpg
uclaclark_DA3981641G75s_0643.jpg
uclaclark_DA400C471645a_0066.jpg
uclaclark_DA400C471645a_0068.jpg
uclaclark_DA400C471645a_0069.jpg
uclaclark_DA400C471645a_0070.jpg
uclaclark_DA415V62_0022.jpg
uclaclark_DA415V62_0041.jpg
uclaclark_DA415V62_0054.jpg
uclaclark_DA415V62_0102.jpg
uclaclark_DA415V62_0111.jpg
uclaclark_DA452J69ho_0022.jpg
uclaclark_DA452J69ho_0024.jpg
uclaclark_DA452J69ho_0042.jpg
uclaclark_DA452J69ho_0046.jpg
uclaclark_DA452J69ho_0093.jpg
uclaclark_DA452J69ho_0120.jpg
uclaclark_DA452J69ho_0138.jpg
uclaclark_DA4961714T14_0009.jpg
uclaclark_DA4961714T14_0011.jpg
uclaclark_DA4961714T14_0013.jpg
uclaclark_DA4961714T14_0016.jpg
uclaclark_DA687W5W6e_0002.jpg
uclaclark_DA687W5W6e_0003.jpg
uclaclark_DA687W5W6e_0015.jpg
uclaclark_DA687W5W6e_0016.jpg
uclaclark_DA687W5W6e_0092.jpg
uclaclark_DA687W5W6e_0131.jpg
uclaclark_DA687W5W6e_0166.jpg
uclaclark_DA687W5W6e_0205.jpg
uclaclark_DA687W5W6e_0227.jpg
uclaclark_DA687W5W6e_0275.jpg
uclaclark_DA690B8B86_0019.jpg
uclaclark_DA690B8B86_0020.jpg
uclaclark_DA690B8B86_0021.jpg
uclaclark_DA690B8B86_0055.jpg
uclaclark_DA690B8B86_0082.jpg
uclaclark_DA690B8B86_0100.jpg
uclaclark_DA690B8B86_0254.jpg
uclaclark_DA690B8B86_0303.jpg
uclaclark_DA690E9I9_0022.jpg
uclaclark_DA690E9I9_0057.jpg
uclaclark_DA690E9I9_0061.jpg
uclaclark_DA690E9I9_0112.jpg
uclaclark_DA690E9I9_0329.jpg
uclaclark_DA690E9I9_0330.jpg
uclaclark_DA690E9I9_0331.jpg
uclaclark_DS64B22s_0007.jpg
uclaclark_DS64B22s_0014.jpg
uclaclark_DS64B22s_0060.jpg
uclaclark_DS64B22s_0073.jpg
uclaclark_DS64B22s_0086.jpg
uclaclark_DS64B22s_0111.jpg
uclaclark_DS64B22s_0190.jpg
uclaclark_DS64B22s_0321.jpg
uclaclark_DS64B22s_0389.jpg
uclaclark_DS64B22s_0415.jpg
uclaclark_HT1345O411684_0014.jpg
uclaclark_HT1345O411684_0015.jpg
uclaclark_HT1345O411684_0053.jpg
uclaclark_HT1345O411684_0091.jpg
uclaclark_HT1345O411684_0140.jpg
uclaclark_HT1345O411684_0145.jpg
uclaclark_KF491661_0010.jpg
uclaclark_KF491661_0020.jpg
uclaclark_KF491661_0043.jpg
uclaclark_KF491661_0146.jpg
uclaclark_KF491661_0190.jpg
uclaclark_KF491661_0263.jpg
uclaclark_KF491661_0393.jpg
uclaclark_KF491661_0480.jpg
uclaclark_KF491661_0535.jpg
uclaclark_PR1195P65C61689v2c2_0007.jpg
uclaclark_PR1195P65C61689v2c2_0013.jpg
uclaclark_PR1195P65C61689v2c2_0016.jpg
uclaclark_PR1195P65C61689v2c2_0021.jpg
uclaclark_PR1195P65C61689v2c2_0032.jpg
uclaclark_Q143B7S31680_0064.jpg
uclaclark_Q143B7S31680_0081.jpg
uclaclark_Q143B7S31680_0259.jpg
uclaclark_Q143B7S31680_0302.jpg
uclaclark_Q143B7S31680_0590.jpg
uclaclark_Q143B7S31680_0592.jpg
uclaclark_Q143B7S31680_0613.jpg
uclaclark_Q143B7S31680_0677.jpg
uclaclark_Q143B7S31680_0712.jpg
uclaclark_Q143B7S31680_0747.jpg
uclaclark_Q143B7Z5c1690_0017.jpg
uclaclark_Q143B7Z5c1690_0019.jpg
uclaclark_Q143B7Z5c1690_0020.jpg
uclaclark_Q143N5A79E1736_0056.jpg
uclaclark_Q143N5A79E1736_0059.jpg
uclaclark_Q143N5A79E1736_0093.jpg
uclaclark_Q143N5A79E1736_0124.jpg
uclaclark_Q143N5A79E1736_0129.jpg
uclaclark_Q143N5A79E1736_0141.jpg
uclaclark_Q143N5A79E1736_0156.jpg
uclaclark_Q143N5A79E1736_0167.jpg
uclaclark_Q143N5A79E1736_0178.jpg
uclaclark_Q143N5A79E1736_0260.jpg
uclaclark_Q143N5O61730_0420.jpg
uclaclark_Q143N5O61730_0421.jpg
uclaclark_QA302H6_0125.jpg
uclaclark_QA302H6_0130.jpg
uclaclark_QA302H6_0161.jpg
uclaclark_QA302H6_0163.jpg
uclaclark_QA302H6_0190.jpg
uclaclark_QA302H6_0203.jpg
uclaclark_QA302H6_0255.jpg
uclaclark_QA302H6_0256.jpg
uclaclark_QA302H6_0308.jpg
uclaclark_QA302H6_0438.jpg
uclaclark_QA48T81_0143.jpg
uclaclark_QA48T81_0147.jpg
uclaclark_QA48T81_0155.jpg
uclaclark_QA48T81_0184.jpg
uclaclark_QA48T81_0197.jpg
uclaclark_QA48T81_0208.jpg
uclaclark_QA48T81_0209.jpg
uclaclark_QA48T81_0210.jpg
uclaclark_QA48T81_0212.jpg
uclaclark_QB401L43_0003.jpg
uclaclark_QB401L43_0005.jpg
uclaclark_QB401L43_0033.jpg
uclaclark_QB401L43_0036.jpg
uclaclark_QB401L43_0039.jpg
uclaclark_QB401L43_0043.jpg
uclaclark_QB401L43_0045.jpg
uclaclark_QB401L43_0060.jpg
uclaclark_QB401L43_0100.jpg
uclaclark_QB401L43_0112.jpg
uclaclark_QB41M931670_0003.jpg
uclaclark_QB41M931670_0005.jpg
uclaclark_QB41M931670_0006.jpg
uclaclark_QB41M931670_0010.jpg
uclaclark_QB41M931670_0013.jpg
uclaclark_QB41M931670_0027.jpg
uclaclark_QB41M931670_0040.jpg
uclaclark_QB41M931670_0042.jpg
uclaclark_QB41M931670_0085.jpg
uclaclark_QB41M931670_0217.jpg
uclaclark_QB723H18B25_0039.jpg
uclaclark_QB723H18B25_0067.jpg
uclaclark_QB723H18B25_0068.jpg
uclaclark_QB723H18B25_0069.jpg
uclaclark_QB7G121680_0071.jpg
uclaclark_QB7G121680_0249.jpg
uclaclark_QB7G121680_0250.jpg
uclaclark_QB7G121680_0309.jpg
uclaclark_QB7G121680_0333.jpg
uclaclark_QB7G121680_0445.jpg
uclaclark_QB7G121680_0495.jpg
uclaclark_QB7G121680_0590.jpg
uclaclark_QB7G121684_0055.jpg
uclaclark_QB7G121684_0060.jpg
uclaclark_QC123K271715_0007.jpg
uclaclark_QC123K271715_0068.jpg
uclaclark_QC123K271715_0075.jpg
uclaclark_QC123K271715_0112.jpg
uclaclark_QC123K271715_0115.jpg
uclaclark_QC123K271715_0132.jpg
uclaclark_QC123K271715_0133.jpg
uclaclark_QC123K271715_0178.jpg
uclaclark_QC123K271715_0282.jpg
uclaclark_QC353S771793_0011.jpg
uclaclark_QC353S771793_0012.jpg
uclaclark_QC353S771793_0019.jpg
uclaclark_QC353S771793_0020.jpg
uclaclark_QC353S771793_0030.jpg
uclaclark_QC353S771793_0066.jpg
uclaclark_QC353S771793_0076.jpg
uclaclark_QC353S771793_0088.jpg
uclaclark_QC353S771793_0143.jpg
uclaclark_QC517E25_0002.jpg
uclaclark_QC517E25_0003.jpg
uclaclark_QC517E25_0004.jpg
uclaclark_QC517E25_0049.jpg
uclaclark_QC517E25_0055.jpg
uclaclark_QC517E25_0085.jpg
uclaclark_QC517E25_0087.jpg
uclaclark_QC517E25_0146.jpg
uclaclark_QC517E25_0246.jpg
uclaclark_QC517E25_0247.jpg
uclaclark_QC931A61_0006.jpg
uclaclark_QC931A61_0008.jpg
uclaclark_QC931A61_0009.jpg
uclaclark_QC931A61_0011.jpg
uclaclark_QC931A61_0013.jpg
uclaclark_QC931A61_0016.jpg
uclaclark_QC931A61_0021.jpg
uclaclark_QC931A61_0028.jpg
uclaclark_QC931A61_0041.jpg
uclaclark_QC931A61_0060.jpg
uclaclark_QD25B31nE_0030.jpg
uclaclark_QD25B31nE_0034.jpg
uclaclark_QD25B31nE_0062.jpg
uclaclark_QD25B31nE_0110.jpg
uclaclark_QD25B31nE_0224.jpg
uclaclark_QD25B31nE_0260.jpg
uclaclark_QD25B31nE_0279.jpg
uclaclark_QD25B31nE_0284.jpg
uclaclark_QD25B31nE_0332.jpg
uclaclark_QD25B31nE_0379.jpg
uclaclark_QD25G88E1696_0016.jpg
uclaclark_QD25G88E1696_0021.jpg
uclaclark_QD25G88E1696_0064.jpg
uclaclark_QD25G88E1696_0073.jpg
uclaclark_QD25G88E1696_0082.jpg
uclaclark_QD25G88E1696_0086.jpg
uclaclark_QD25G88E1696_0087.jpg
uclaclark_QD25G88E1696_0092.jpg
uclaclark_QD25G88E1696_0104.jpg
uclaclark_QD25P54sE_0039.jpg
uclaclark_QD25P54sE_0063.jpg
uclaclark_QD25P54sE_0086.jpg
uclaclark_QD25P54sE_0095.jpg
uclaclark_QD25P54sE_0106.jpg
uclaclark_QD25P54sE_0107.jpg
uclaclark_QD25P54sE_0111.jpg
uclaclark_QD25P54sE_0112.jpg
uclaclark_QD25P54sE_0160.jpg
uclaclark_QH137M56_0037.jpg
uclaclark_QH137M56_0040.jpg
uclaclark_QH137M56_0080.jpg
uclaclark_QH137M56_0102.jpg
uclaclark_QH137M56_0130.jpg
uclaclark_QH137M56_0198.jpg
uclaclark_QH137M56_0260.jpg
uclaclark_QH31R2C6_0007.jpg
uclaclark_QH31R2C6_0040.jpg
uclaclark_QH31R2C6_0041.jpg
uclaclark_QH31R2C6_0043.jpg
uclaclark_QH31R2C6_0098.jpg
uclaclark_QH31R2C6_0099.jpg
uclaclark_QH31R2C6_0136.jpg
uclaclark_QH31R2C6_0228.jpg
uclaclark_QH31R2C6_0298.jpg
uclaclark_QH31R2C6_0338.jpg
uclaclark_QK229S63_0033.jpg
uclaclark_QK229S63_0046.jpg
uclaclark_QK229S63_0067.jpg
uclaclark_QK229S63_0089.jpg
uclaclark_QK229S63_0149.jpg
uclaclark_QK229S63_0151.jpg
uclaclark_QK229S63_0161.jpg
uclaclark_QK229S63_0165.jpg
uclaclark_QK229S63_0168.jpg
uclaclark_QK229S63_0181.jpg
uclaclark_QL463G591685_0019.jpg
uclaclark_QL463G591685_0040.jpg
uclaclark_QL463G591685_0044.jpg
uclaclark_QL463G591685_0061.jpg
uclaclark_QL463G591685_0251.jpg
uclaclark_QL463G591685_0273.jpg
uclaclark_QL463G591685_0290.jpg
uclaclark_QL463G591685_0327.jpg
uclaclark_QL463G591685_0464.jpg
uclaclark_QL463G591685_0465.jpg
uclaclark_fBS1851789E23_0007.jpg
uclaclark_fBS1851789E23_0015.jpg
uclaclark_fBS1851789E23_0025.jpg
uclaclark_fBS1851789E23_0040.jpg
uclaclark_fBS1851789E23_0045.jpg
uclaclark_fBS1851789E23_0071.jpg
uclaclark_fBS1851789E23_0225.jpg
uclaclark_fBS1851789E23_0379.jpg
uclaclark_fBS1851789E23_0383.jpg
uclaclark_fBV4502C37E1650_0035.jpg
uclaclark_fBV4502C37E1650_0043.jpg
uclaclark_fBV4502C37E1650_0077.jpg
uclaclark_fBV4502C37E1650_0124.jpg
uclaclark_fBV4502C37E1650_0155.jpg
uclaclark_fBV4502C37E1650_0189.jpg
uclaclark_fBV4502C37E1650_0238.jpg
uclaclark_fBV4502C37E1650_0251.jpg
uclaclark_fBV4502C37E1650_0432.jpg
uclaclark_fBX5197L56_0017.jpg
uclaclark_fBX5197L56_0024.jpg
uclaclark_fBX5197L56_0041.jpg
uclaclark_fBX5197L56_0050.jpg
uclaclark_fBX5197L56_0078.jpg
uclaclark_fBX5197L56_0079.jpg
uclaclark_fBX5197L56_0099.jpg
uclaclark_fBX5197L56_0148.jpg
uclaclark_fBX5197L56_0427.jpg
uclaclark_fBZB793w1638_0011.jpg
uclaclark_fBZB793w1638_0084.jpg
uclaclark_fBZB793w1638_0143.jpg
uclaclark_fBZB793w1638_0220.jpg
uclaclark_fBZB793w1638_0421.jpg
uclaclark_fBZB793w1638_0551.jpg
uclaclark_fBZB793w1638_0650.jpg
uclaclark_fBZB793w1638_0777.jpg
uclaclark_fBZB793w1638_1012.jpg
uclaclark_fBZC3315L1658_0003.jpg
uclaclark_fBZC3315L1658_0031.jpg
uclaclark_fBZC3315L1658_0079.jpg
uclaclark_fBZC3315L1658_0184.jpg
uclaclark_fBZC3315L1658_0191.jpg
uclaclark_fBZC3315L1658_0294.jpg
uclaclark_fBZC3315L1658_0385.jpg
uclaclark_fBZC3315L1658_0392.jpg
uclaclark_fBZC3315L1658_0404.jpg
uclaclark_fBZC3315L1658_0427.jpg
uclaclark_fBZT499e1659_0002.jpg
uclaclark_fBZT499e1659_0010.jpg
uclaclark_fBZT499e1659_0138.jpg
uclaclark_fBZT499e1659_0523.jpg
uclaclark_fBZT499e1659_0596.jpg
uclaclark_fBZT499e1659_0982.jpg
uclaclark_fDA130S741623_0007.jpg
uclaclark_fDA130S741623_0019.jpg
uclaclark_fDA130S741623_0098.jpg
uclaclark_fDA130S741623_0157.jpg
uclaclark_fDA130S741623_0210.jpg
uclaclark_fDA130S741623_0246.jpg
uclaclark_fDA130S741623_0290.jpg
uclaclark_fDA130S741623_0326.jpg
uclaclark_fDA130S741623_0332.jpg
uclaclark_fDA130S741623_0358.jpg
uclaclark_fDA130S741623_0567.jpg
uclaclark_fDA130S741623_0872.jpg
uclaclark_fDA130S741623_1253.jpg
uclaclark_fDA130S741623_1266.jpg
uclaclark_fDA391W74cop1_0023.jpg
uclaclark_fDA391W74cop1_0048.jpg
uclaclark_fDA391W74cop1_0055.jpg
uclaclark_fDA391W74cop1_0063.jpg
uclaclark_fDA391W74cop1_0091.jpg
uclaclark_fDA391W74cop1_0101.jpg
uclaclark_fDA391W74cop1_0301.jpg
uclaclark_fDA391W74cop1_0322.jpg
uclaclark_fDA391W74cop1_0331.jpg
uclaclark_fDA660W35S4_0004.jpg
uclaclark_fDA660W35S4_0019.jpg
uclaclark_fDA660W35S4_0027.jpg
uclaclark_fDA660W35S4_0051.jpg
uclaclark_fDA660W35S4_0071.jpg
uclaclark_fDA660W35S4_0115.jpg
uclaclark_fDA660W35S4_0135.jpg
uclaclark_fDA660W35S4_0167.jpg
uclaclark_fDA660W35S4_0215.jpg
uclaclark_fDA660W35S4_0271.jpg
uclaclark_fKG782rs1688_0017.jpg
uclaclark_fKG782rs1688_0025.jpg
uclaclark_fKG782rs1688_0046.jpg
uclaclark_fKG782rs1688_0075.jpg
uclaclark_fKG782rs1688_0086.jpg
uclaclark_fKG782rs1688_0100.jpg
uclaclark_fKG782rs1688_0118.jpg
uclaclark_fKG782rs1688_0120.jpg
uclaclark_fKG782rs1688_0147.jpg
uclaclark_fKG782rs1688_0159.jpg
uclaclark_fM11H13a1750_0058.jpg
uclaclark_fPQ1805L3C3E1661_0007.jpg
uclaclark_fPQ1805L3C3E1661_0040.jpg
uclaclark_fPQ1805L3C3E1661_0413.jpg
uclaclark_fPQ1805L3C3E1661_0437.jpg
uclaclark_fPQ1805L3C3E1661_0884.jpg
uclaclark_fPR1213P74_0009.jpg
uclaclark_fPR1213P74_0015.jpg
uclaclark_fPR1213P74_0029.jpg
uclaclark_fPR1213P74_0087.jpg
uclaclark_fPR1213P74_0124.jpg
uclaclark_fPR1213P74_0161.jpg
uclaclark_fPR1213P74_0319.jpg
uclaclark_fPR1213P74_0325.jpg
uclaclark_fPR1213P74_0379.jpg
uclaclark_fPR2326N6Z4d1568_0011.jpg
uclaclark_fPR2326N6Z4d1568_0015.jpg
uclaclark_fPR2326N6Z4d1568_0023.jpg
uclaclark_fPR2326N6Z4d1568_0027.jpg
uclaclark_fPR2326N6Z4d1568_0044.jpg
uclaclark_fPR2326N6Z4d1568_0085.jpg
uclaclark_fPR2326N6Z4d1568_0119.jpg
uclaclark_fPR2326N6Z4d1568_0220.jpg
uclaclark_fPR2326N6Z4d1568_0275.jpg
uclaclark_fPR2326N6Z4d1568_0326.jpg
uclaclark_fPR3291F199_0001.jpg
uclaclark_fPR3291L348_0008.jpg
uclaclark_fPR3291L348_0011.jpg
uclaclark_fPR3291L847_0005.jpg
uclaclark_fPR3291P797_009.jpg
uclaclark_fPR3291S278_0001.jpg
uclaclark_fPR3291S278_0004.jpg
uclaclark_fPR3291S278_0009.jpg
uclaclark_fPR3291S448_0007.jpg
uclaclark_fPR3291S448_0016.jpg
uclaclark_fPR3291S448_0032.jpg
uclaclark_fPR3291T823_0010.jpg
uclaclark_fPR3318B5P91696_0019.jpg
uclaclark_fPR3318B5P91696_0028.jpg
uclaclark_fPR3318B5P91696_0037.jpg
uclaclark_fPR3318B5P91696_0065.jpg
uclaclark_fPR3318B5P91696_0069.jpg
uclaclark_fPR3318B5P91696_0155.jpg
uclaclark_fPR3318B5P91696_0249.jpg
uclaclark_fPR3318B5P91696_0275.jpg
uclaclark_fPR3318B5P91696_0278.jpg
uclaclark_fPR3318B5P91696_0323.jpg
uclaclark_fPR3318B5S21700a_0007.jpg
uclaclark_fPR3318B5S21700a_0011.jpg
uclaclark_fPR3318B5S21700a_0014.jpg
uclaclark_fPR3318B5Z8c_0001.jpg
uclaclark_fPR3318B5Z8c_0015.jpg
uclaclark_fPR3318B5Z8c_0023.jpg
uclaclark_fPR3318B5Z8c_0026.jpg
uclaclark_fPR3419A211681_0008.jpg
uclaclark_fPR3419A211681_0017.jpg
uclaclark_fPR3419A211681_0034.jpg
uclaclark_fPR3419A211681_0043.jpg
uclaclark_fPR3419A211681fc2_007.jpg
uclaclark_fPR3419A211681fc2_008.jpg
uclaclark_fPR3419A211681fc2_012.jpg
uclaclark_fPR3419A211681fc2_041.jpg
uclaclark_fPR3423E64_0007.jpg
uclaclark_fPR3423E64_0014.jpg
uclaclark_fPR3745V75C8_0005.jpg
uclaclark_fPR3745V75C8_0009.jpg
uclaclark_fPR3745V75C8_0011.jpg
uclaclark_fPR3745V75C8_0013.jpg
uclaclark_fPR3745V75C8_0016.jpg
uni_halle_1543_Page_015.jpg
uni_halle_1543_Page_016.jpg
uni_halle_1543_Page_017.jpg
uni_halle_1543_Page_018.jpg
uni_halle_1543_Page_019.jpg
uni_halle_1543_Page_020.jpg
uni_halle_1543_Page_021.jpg
uni_halle_1543_Page_022.jpg
uni_halle_1543_Page_181.jpg
uni_halle_1543_Page_504.jpg
uni_halle_1543_Page_556.jpg
uni_halle_1543_Page_557.jpg
uni_halle_1543_Page_558.jpg
villanova_alcoran_Page_004.jpg
villanova_alcoran_Page_005.jpg
warre_Page_011.jpg
warre_Page_012.jpg
warre_Page_013.jpg
warre_Page_014.jpg
warre_Page_015.jpg
warre_Page_016.jpg
warre_Page_017.jpg
warre_Page_018.jpg
warre_Page_019.jpg
warre_Page_020.jpg
warre_Page_021.jpg
warre_Page_022.jpg
warre_Page_025.jpg
warre_Page_027.jpg
warre_Page_032.jpg
warre_Page_033.jpg
warre_Page_035.jpg
warre_Page_037.jpg
warre_Page_038.jpg
warre_Page_039.jpg
wellcome_EPB_A_2544_Page_01.jpg
wellcome_EPB_A_2544_Page_02.jpg
wellcome_EPB_A_2544_Page_03.jpg
wellcome_EPB_A_2544_Page_04.jpg
wellcome_EPB_A_2544_Page_05.jpg
wellcome_EPB_A_2544_Page_06.jpg
wellcome_EPB_A_2544_Page_07.jpg
wellcome_EPB_A_2544_Page_08.jpg
wellcome_EPB_A_2544_Page_09.jpg
wellcome_EPB_A_2544_Page_10.jpg
wellcome_EPB_A_2544_Page_11.jpg
wellcome_EPB_A_2544_Page_12.jpg
wellcome_EPB_A_2544_Page_13.jpg
wellcome_EPB_A_2544_Page_14.jpg
wellcome_EPB_A_2544_Page_15.jpg
wellcome_EPB_A_2544_Page_16.jpg
wellcome_EPB_A_2544_Page_17.jpg
wellcome_EPB_A_2544_Page_18.jpg
wellcome_EPB_A_2544_Page_19.jpg
wellcome_EPB_A_2544_Page_20.jpg
wellcome_EPB_A_2544_Page_21.jpg
wellcome_EPB_A_2544_Page_22.jpg
wellcome_EPB_A_2544_Page_23.jpg
wellcome_EPB_A_2544_Page_24.jpg
wellcome_EPB_A_2544_Page_25.jpg
wellcome_EPB_A_2544_Page_26.jpg
wellcome_EPB_A_2544_Page_27.jpg
wellcome_EPB_A_2544_Page_28.jpg
wellcome_EPB_A_2544_Page_29.jpg
wellcome_EPB_A_2544_Page_30.jpg
wellcome_EPB_A_2544_Page_31.jpg
wellcome_EPB_A_2544_Page_32.jpg
wellcome_EPB_A_2544_Page_33.jpg
wellcome_EPB_A_2544_Page_34.jpg
wellcome_EPB_A_2544_Page_35.jpg
wellcome_EPB_A_3209_c1_Page_01.jpg
wellcome_EPB_A_3209_c1_Page_02.jpg
wellcome_EPB_A_3209_c1_Page_03.jpg
wellcome_EPB_A_3209_c1_Page_05.jpg
wellcome_EPB_A_3209_c1_Page_06.jpg
wellcome_EPB_A_3209_c1_Page_07.jpg
wellcome_EPB_A_3209_c1_Page_08.jpg
wellcome_EPB_A_3209_c1_Page_09.jpg
wellcome_EPB_A_3209_c1_Page_10.jpg
wellcome_EPB_A_3209_c1_Page_11.jpg
wellcome_EPB_A_3209_c1_Page_12.jpg
wellcome_EPB_A_3209_c1_Page_13.jpg
wellcome_EPB_A_3209_c2_Page_01.jpg
wellcome_EPB_A_3209_c2_Page_02.jpg
wellcome_EPB_A_3209_c2_Page_03.jpg
wellcome_EPB_A_3209_c2_Page_04.jpg
wellcome_EPB_A_3209_c2_Page_05.jpg
wellcome_EPB_A_3209_c2_Page_06.jpg
wellcome_EPB_A_3209_c2_Page_07.jpg
wellcome_EPB_A_3209_c2_Page_08.jpg
wellcome_EPB_A_3209_c2_Page_09.jpg
wellcome_EPB_A_3209_c2_Page_10.jpg
wellcome_EPB_A_3209_c2_Page_11.jpg
wellcome_EPB_A_3209_c2_Page_12.jpg
wellcome_EPB_A_3209_c2_Page_13.jpg
wellcome_EPB_A_3209_c2_Page_14.jpg
wellcome_EPB_A_3209_c2_Page_15.jpg
wellcome_EPB_A_3209_c2_Page_16.jpg
wellcome_EPB_A_3209_c2_Page_17.jpg
wellcome_EPB_A_3209_c2_Page_18.jpg
wellcome_EPB_A_3209_c2_Page_19.jpg
wellcome_EPB_A_3209_c2_Page_20.jpg
wellcome_EPB_A_3209_c2_Page_21.jpg
wellcome_EPB_A_3209_c2_Page_22.jpg
wellcome_EPB_A_3209_c2_Page_23.jpg
wellcome_EPB_A_3209_c2_Page_24.jpg
wellcome_EPB_A_3209_c2_Page_25.jpg
wellcome_EPB_A_3209_c2_Page_26.jpg
wellcome_EPB_A_3209_c2_Page_27.jpg
wellcome_EPB_A_3209_c2_Page_28.jpg
wellcome_EPB_A_3209_c2_Page_29.jpg
wellcome_EPB_A_3209_c2_Page_30.jpg
wellcome_EPB_A_3209_c2_Page_31.jpg
wellcome_EPB_A_3209_c2_Page_32.jpg
wellcome_EPB_A_3209_c2_Page_33.jpg
wellcome_EPB_A_3209_c2_Page_34.jpg
wellcome_EPB_A_3209_c2_Page_35.jpg
wellcome_EPB_A_3209_c2_Page_36.jpg
wellcome_EPB_A_3209_c2_Page_37.jpg
wellcome_EPB_A_3209_c2_Page_38.jpg
wellcome_EPB_A_3209_c2_Page_39.jpg
wellcome_EPB_A_3209_c2_Page_40.jpg
wellcome_EPB_A_3209_c2_Page_41.jpg
wellcome_EPB_A_619_Page_1.jpg
wellcome_EPB_A_619_Page_2.jpg
wellcome_EPB_A_619_Page_3.jpg
wellcome_EPB_A_619_Page_4.jpg
wellcome_EPB_B_6052_Page_1.jpg
wellcome_EPB_B_6052_Page_2.jpg
wellcome_EPB_B_6052_Page_3.jpg
wellcome_EPB_B_6052_Page_4.jpg
wellcome_EPB_B_6052_Page_5.jpg
wellcome_EPB_INC_2_b_23.jpg
wellcome_EPB_INC_2_b_23_Page_03.jpg
wellcome_EPB_INC_2_b_23_Page_04.jpg
wellcome_EPB_INC_2_b_23_Page_05.jpg
wellcome_EPB_INC_2_b_23_Page_06.jpg
wellcome_EPB_INC_2_b_23_Page_07.jpg
wellcome_EPB_INC_2_b_23_Page_09.jpg
wellcome_EPB_INC_2_b_23_Page_10.jpg
wellcome_EPB_INC_2_b_23_Page_11.jpg
wellcome_EPB_INC_2_b_23_Page_12.jpg
wellcome_EPB_INC_2_b_23_Page_14.jpg
wellcome_EPB_INC_2_b_23_Page_16.jpg
wellcome_EPB_INC_2_b_23_Page_17.jpg
wellcome_EPB_INC_3_c_17_Page_01.jpg
wellcome_EPB_INC_3_c_17_Page_02.jpg
wellcome_EPB_INC_3_c_17_Page_03.jpg
wellcome_EPB_INC_3_c_17_Page_04.jpg
wellcome_EPB_INC_3_c_17_Page_05.jpg
wellcome_EPB_INC_3_c_17_Page_06.jpg
wellcome_EPB_INC_3_c_17_Page_07.jpg
wellcome_EPB_INC_3_c_17_Page_08.jpg
wellcome_EPB_INC_3_c_17_Page_09.jpg
wellcome_EPB_INC_3_c_17_Page_10.jpg
wellcome_EPB_INC_3_c_17_Page_11.jpg
wellcome_EPB_INC_3_c_17_Page_12.jpg
wellcome_EPB_INC_3_c_17_Page_13.jpg
wellcome_EPB_INC_3_c_17_Page_14.jpg
wellcome_EPB_INC_3_c_17_Page_15.jpg
wellcome_EPB_INC_3_c_17_Page_16.jpg
wellcome_EPB_INC_3_c_17_Page_18.jpg
wellcome_EPB_INC_3_c_17_Page_19.jpg
wellcome_EPB_INC_3_c_17_Page_20.jpg
wellcome_EPB_INC_3_c_17_Page_21.jpg
wellcome_EPB_INC_5_d_12_Page_1.jpg
wellcome_EPB_INC_5_d_12_Page_2.jpg
wellcome_inscription_samples_Page_1.jpg
wellcome_inscription_samples_Page_3.jpg
wellcome_inscription_samples_Page_5.jpg
wellcome_nuremberg_3.jpg
wellcome_philosophi_nicolai_flamelli-_Page_01.jpg
wellcome_philosophi_nicolai_flamelli-_Page_02.jpg
wellcome_philosophi_nicolai_flamelli-_Page_03.jpg
wellcome_philosophi_nicolai_flamelli-_Page_04.jpg
wellcome_philosophi_nicolai_flamelli-_Page_05.jpg
wellcome_philosophi_nicolai_flamelli-_Page_06.jpg
wellcome_philosophi_nicolai_flamelli-_Page_07.jpg
wellcome_philosophi_nicolai_flamelli-_Page_08.jpg
wellcome_philosophi_nicolai_flamelli-_Page_09.jpg
wellcome_philosophi_nicolai_flamelli-_Page_10.jpg
wellcome_philosophi_nicolai_flamelli-_Page_11.jpg
wellcome_philosophi_nicolai_flamelli-_Page_12.jpg
wellcome_philosophi_nicolai_flamelli-_Page_13.jpg
wellcome_philosophi_nicolai_flamelli-_Page_14.jpg
wellcome_philosophi_nicolai_flamelli-_Page_15.jpg
wellcome_philosophi_nicolai_flamelli-_Page_16.jpg
wellcome_philosophi_nicolai_flamelli-_Page_17.jpg
wellcome_philosophi_nicolai_flamelli-_Page_18.jpg
wellcome_philosophi_nicolai_flamelli-_Page_19.jpg
wellcome_philosophi_nicolai_flamelli-_Page_20.jpg
wellcome_philosophi_nicolai_flamelli-_Page_21.jpg
wellcome_philosophi_nicolai_flamelli-_Page_22.jpg
wellcome_philosophi_nicolai_flamelli-_Page_23.jpg